Component: ARM Compiler 5.06 update 3 (build 300) Tool: armlink [4d35c9]

==============================================================================

Small function inlining results

Inlined function __aeabi_idiv0 from aeabi_idiv0.o at offset 0x154 in aeabi_sdiv.o(.text).
Inlined Instruction: BX       lr
Inlined function __aeabi_idiv0 from aeabi_idiv0.o at offset 0x154 in aeabi_sdiv_div0.o(.text).
Inlined Instruction: BX       lr
Inlined function _platform_pre_stackheap_init from boardinit1.o at offset 0x0 in __rtentry2.o(.ARM.Collect$$rtentry$$00000001).
Inlined Instruction: BX       lr
Inlined function _fp_init from fpinit.o at offset 0x0 in libinit2.o(.ARM.Collect$$libinit$$00000001).
Inlined Instruction: BX       lr
Inlined function _platform_pre_lib_shutdown from boardshut.o at offset 0x0 in rtexit2.o(.ARM.Collect$$rtexit$$00000001).
Inlined Instruction: BX       lr
Inlined function __ARM_get_argv from no_argv.o at offset 0x2 in argv_veneer.o(.text).
Inlined Instruction: BX       lr
Inlined total of 6 calls.

==============================================================================

Image Symbol Table

    Local Symbols

    Symbol Name                              Value     Ov Type        Size  Object(Section)

    vectors                                  0x00000000   Section      192  boot_isd93xx.o(vectors)
    ../clib/angel/boardlib.s                 0x00000000   Number         0  boardshut.o ABSOLUTE
    ../clib/angel/boardlib.s                 0x00000000   Number         0  boardinit3.o ABSOLUTE
    ../clib/angel/boardlib.s                 0x00000000   Number         0  boardinit2.o ABSOLUTE
    ../clib/angel/boardlib.s                 0x00000000   Number         0  boardinit1.o ABSOLUTE
    ../clib/angel/handlers.s                 0x00000000   Number         0  __scatter_zi.o ABSOLUTE
    ../clib/angel/handlers.s                 0x00000000   Number         0  __scatter_copy.o ABSOLUTE
    ../clib/angel/kernel.s                   0x00000000   Number         0  __rtentry.o ABSOLUTE
    ../clib/angel/kernel.s                   0x00000000   Number         0  rtexit2.o ABSOLUTE
    ../clib/angel/kernel.s                   0x00000000   Number         0  __rtentry2.o ABSOLUTE
    ../clib/angel/kernel.s                   0x00000000   Number         0  rtexit.o ABSOLUTE
    ../clib/angel/kernel.s                   0x00000000   Number         0  __rtentry4.o ABSOLUTE
    ../clib/angel/rt.s                       0x00000000   Number         0  rt_raise.o ABSOLUTE
    ../clib/angel/rt.s                       0x00000000   Number         0  rt_div0.o ABSOLUTE
    ../clib/angel/rt.s                       0x00000000   Number         0  aeabi_idiv0_sigfpe.o ABSOLUTE
    ../clib/angel/rt.s                       0x00000000   Number         0  aeabi_idiv0.o ABSOLUTE
    ../clib/angel/scatterp.s                 0x00000000   Number         0  __scatter.o ABSOLUTE
    ../clib/angel/startup.s                  0x00000000   Number         0  __main.o ABSOLUTE
    ../clib/angel/sys.s                      0x00000000   Number         0  libspace.o ABSOLUTE
    ../clib/angel/sys.s                      0x00000000   Number         0  use_no_semi_2.o ABSOLUTE
    ../clib/angel/sys.s                      0x00000000   Number         0  indicate_semi.o ABSOLUTE
    ../clib/angel/sys.s                      0x00000000   Number         0  sys_stackheap_outer.o ABSOLUTE
    ../clib/angel/sys.s                      0x00000000   Number         0  tempstk.o ABSOLUTE
    ../clib/angel/sys.s                      0x00000000   Number         0  use_no_semi.o ABSOLUTE
    ../clib/angel/sysapp.c                   0x00000000   Number         0  sys_command.o ABSOLUTE
    ../clib/armsys.c                         0x00000000   Number         0  _get_argv_nomalloc.o ABSOLUTE
    ../clib/armsys.c                         0x00000000   Number         0  no_argv.o ABSOLUTE
    ../clib/armsys.c                         0x00000000   Number         0  argv_veneer.o ABSOLUTE
    ../clib/division.s                       0x00000000   Number         0  aeabi_sdiv.o ABSOLUTE
    ../clib/division.s                       0x00000000   Number         0  aeabi_sdiv_div0.o ABSOLUTE
    ../clib/heapalloc.c                      0x00000000   Number         0  hrguard.o ABSOLUTE
    ../clib/libinit.s                        0x00000000   Number         0  libshutdown2.o ABSOLUTE
    ../clib/libinit.s                        0x00000000   Number         0  libinit.o ABSOLUTE
    ../clib/libinit.s                        0x00000000   Number         0  libinit2.o ABSOLUTE
    ../clib/libinit.s                        0x00000000   Number         0  libshutdown.o ABSOLUTE
    ../clib/misc.s                           0x00000000   Number         0  printf_stubs.o ABSOLUTE
    ../clib/signal.c                         0x00000000   Number         0  defsig_stak_inner.o ABSOLUTE
    ../clib/signal.c                         0x00000000   Number         0  defsig_pvfn_inner.o ABSOLUTE
    ../clib/signal.c                         0x00000000   Number         0  defsig_cppl_inner.o ABSOLUTE
    ../clib/signal.c                         0x00000000   Number         0  defsig_other.o ABSOLUTE
    ../clib/signal.c                         0x00000000   Number         0  defsig_rtred_inner.o ABSOLUTE
    ../clib/signal.c                         0x00000000   Number         0  defsig_abrt_inner.o ABSOLUTE
    ../clib/signal.c                         0x00000000   Number         0  defsig_general.o ABSOLUTE
    ../clib/signal.c                         0x00000000   Number         0  __raise.o ABSOLUTE
    ../clib/signal.c                         0x00000000   Number         0  defsig_fpe_formal.o ABSOLUTE
    ../clib/signal.c                         0x00000000   Number         0  defsig_fpe_outer.o ABSOLUTE
    ../clib/signal.c                         0x00000000   Number         0  defsig_exit.o ABSOLUTE
    ../clib/signal.c                         0x00000000   Number         0  defsig_segv_inner.o ABSOLUTE
    ../clib/signal.c                         0x00000000   Number         0  defsig_rtmem_inner.o ABSOLUTE
    ../clib/signal.c                         0x00000000   Number         0  defsig_rtmem_outer.o ABSOLUTE
    ../clib/signal.c                         0x00000000   Number         0  defsig_rtmem_formal.o ABSOLUTE
    ../clib/signal.c                         0x00000000   Number         0  defsig_fpe_inner.o ABSOLUTE
    ../clib/signal.s                         0x00000000   Number         0  defsig.o ABSOLUTE
    ../clib/stdlib.c                         0x00000000   Number         0  exit.o ABSOLUTE
    ../fplib/cfplib/fpinit.c                 0x00000000   Number         0  fpinit.o ABSOLUTE
    ..\..\..\..\CMSIS\CM0\CoreSupport\core_cm0.c 0x00000000   Number         0  core_cm0.o ABSOLUTE
    ..\..\..\..\CMSIS\CM0\DeviceSupport\Nuvoton\ISD93xx\boot_ISD93xx.c 0x00000000   Number         0  boot_isd93xx.o ABSOLUTE
    ..\..\..\..\CMSIS\CM0\DeviceSupport\Nuvoton\ISD93xx\system_ISD93xx.c 0x00000000   Number         0  system_isd93xx.o ABSOLUTE
    ..\..\..\Src\Driver\DrvADC.c             0x00000000   Number         0  drvadc.o ABSOLUTE
    ..\..\..\Src\Driver\DrvDPWM.c            0x00000000   Number         0  drvdpwm.o ABSOLUTE
    ..\..\..\Src\Driver\DrvFMC.c             0x00000000   Number         0  drvfmc.o ABSOLUTE
    ..\..\..\Src\Driver\DrvGPIO.c            0x00000000   Number         0  drvgpio.o ABSOLUTE
    ..\..\..\Src\Driver\DrvI2S.c             0x00000000   Number         0  drvi2s.o ABSOLUTE
    ..\..\..\Src\Driver\DrvPDMA.c            0x00000000   Number         0  drvpdma.o ABSOLUTE
    ..\..\..\Src\Driver\DrvSYS.c             0x00000000   Number         0  drvsys.o ABSOLUTE
    ..\..\..\Src\Driver\DrvUART.c            0x00000000   Number         0  drvuart.o ABSOLUTE
    ..\..\..\Src\Driver\retarget.c           0x00000000   Number         0  retarget.o ABSOLUTE
    ..\\..\\..\\..\\CMSIS\\CM0\\DeviceSupport\\Nuvoton\\ISD93xx\\boot_ISD93xx.c 0x00000000   Number         0  boot_isd93xx.o ABSOLUTE
    ..\\..\\..\\..\\CMSIS\\CM0\\DeviceSupport\\Nuvoton\\ISD93xx\\system_ISD93xx.c 0x00000000   Number         0  system_isd93xx.o ABSOLUTE
    ..\\..\\..\\Src\\Driver\\DrvADC.c        0x00000000   Number         0  drvadc.o ABSOLUTE
    ..\\..\\..\\Src\\Driver\\DrvDPWM.c       0x00000000   Number         0  drvdpwm.o ABSOLUTE
    ..\\..\\..\\Src\\Driver\\DrvFMC.c        0x00000000   Number         0  drvfmc.o ABSOLUTE
    ..\\..\\..\\Src\\Driver\\DrvGPIO.c       0x00000000   Number         0  drvgpio.o ABSOLUTE
    ..\\..\\..\\Src\\Driver\\DrvI2S.c        0x00000000   Number         0  drvi2s.o ABSOLUTE
    ..\\..\\..\\Src\\Driver\\DrvPDMA.c       0x00000000   Number         0  drvpdma.o ABSOLUTE
    ..\\..\\..\\Src\\Driver\\DrvSYS.c        0x00000000   Number         0  drvsys.o ABSOLUTE
    ..\\..\\..\\Src\\Driver\\DrvUART.c       0x00000000   Number         0  drvuart.o ABSOLUTE
    ..\\..\\..\\Src\\Driver\\retarget.c      0x00000000   Number         0  retarget.o ABSOLUTE
    MIC_I2S.c                                0x00000000   Number         0  mic_i2s.o ABSOLUTE
    MIC_I2S.c                                0x00000000   Number         0  mic_i2s.o ABSOLUTE
    PDMA_I2S.c                               0x00000000   Number         0  pdma_i2s.o ABSOLUTE
    PDMA_I2S.c                               0x00000000   Number         0  pdma_i2s.o ABSOLUTE
    RecordPCM.c                              0x00000000   Number         0  recordpcm.o ABSOLUTE
    RecordPCM.c                              0x00000000   Number         0  recordpcm.o ABSOLUTE
    SetBIQ.c                                 0x00000000   Number         0  setbiq.o ABSOLUTE
    SetBIQ.c                                 0x00000000   Number         0  setbiq.o ABSOLUTE
    !!!main                                  0x000000c0   Section        8  __main.o(!!!main)
    !!!scatter                               0x000000c8   Section       60  __scatter.o(!!!scatter)
    !!handler_copy                           0x00000104   Section       26  __scatter_copy.o(!!handler_copy)
    !!handler_zi                             0x00000120   Section       28  __scatter_zi.o(!!handler_zi)
    .ARM.Collect$$libinit$$00000000          0x0000013c   Section        2  libinit.o(.ARM.Collect$$libinit$$00000000)
    .ARM.Collect$$libinit$$00000002          0x0000013e   Section        0  libinit2.o(.ARM.Collect$$libinit$$00000002)
    .ARM.Collect$$libinit$$00000004          0x0000013e   Section        0  libinit2.o(.ARM.Collect$$libinit$$00000004)
    .ARM.Collect$$libinit$$0000000A          0x0000013e   Section        0  libinit2.o(.ARM.Collect$$libinit$$0000000A)
    .ARM.Collect$$libinit$$0000000C          0x0000013e   Section        0  libinit2.o(.ARM.Collect$$libinit$$0000000C)
    .ARM.Collect$$libinit$$0000000E          0x0000013e   Section        0  libinit2.o(.ARM.Collect$$libinit$$0000000E)
    .ARM.Collect$$libinit$$00000011          0x0000013e   Section        0  libinit2.o(.ARM.Collect$$libinit$$00000011)
    .ARM.Collect$$libinit$$00000013          0x0000013e   Section        0  libinit2.o(.ARM.Collect$$libinit$$00000013)
    .ARM.Collect$$libinit$$00000015          0x0000013e   Section        0  libinit2.o(.ARM.Collect$$libinit$$00000015)
    .ARM.Collect$$libinit$$00000017          0x0000013e   Section        0  libinit2.o(.ARM.Collect$$libinit$$00000017)
    .ARM.Collect$$libinit$$00000019          0x0000013e   Section        0  libinit2.o(.ARM.Collect$$libinit$$00000019)
    .ARM.Collect$$libinit$$0000001B          0x0000013e   Section        0  libinit2.o(.ARM.Collect$$libinit$$0000001B)
    .ARM.Collect$$libinit$$0000001D          0x0000013e   Section        0  libinit2.o(.ARM.Collect$$libinit$$0000001D)
    .ARM.Collect$$libinit$$0000001F          0x0000013e   Section        0  libinit2.o(.ARM.Collect$$libinit$$0000001F)
    .ARM.Collect$$libinit$$00000021          0x0000013e   Section        0  libinit2.o(.ARM.Collect$$libinit$$00000021)
    .ARM.Collect$$libinit$$00000023          0x0000013e   Section        0  libinit2.o(.ARM.Collect$$libinit$$00000023)
    .ARM.Collect$$libinit$$00000025          0x0000013e   Section        0  libinit2.o(.ARM.Collect$$libinit$$00000025)
    .ARM.Collect$$libinit$$0000002C          0x0000013e   Section        0  libinit2.o(.ARM.Collect$$libinit$$0000002C)
    .ARM.Collect$$libinit$$0000002E          0x0000013e   Section        0  libinit2.o(.ARM.Collect$$libinit$$0000002E)
    .ARM.Collect$$libinit$$00000030          0x0000013e   Section        0  libinit2.o(.ARM.Collect$$libinit$$00000030)
    .ARM.Collect$$libinit$$00000032          0x0000013e   Section        0  libinit2.o(.ARM.Collect$$libinit$$00000032)
    .ARM.Collect$$libinit$$00000033          0x0000013e   Section        2  libinit2.o(.ARM.Collect$$libinit$$00000033)
    .ARM.Collect$$libshutdown$$00000000      0x00000140   Section        2  libshutdown.o(.ARM.Collect$$libshutdown$$00000000)
    .ARM.Collect$$libshutdown$$00000002      0x00000142   Section        0  libshutdown2.o(.ARM.Collect$$libshutdown$$00000002)
    .ARM.Collect$$libshutdown$$00000004      0x00000142   Section        0  libshutdown2.o(.ARM.Collect$$libshutdown$$00000004)
    .ARM.Collect$$libshutdown$$00000007      0x00000142   Section        0  libshutdown2.o(.ARM.Collect$$libshutdown$$00000007)
    .ARM.Collect$$libshutdown$$0000000A      0x00000142   Section        0  libshutdown2.o(.ARM.Collect$$libshutdown$$0000000A)
    .ARM.Collect$$libshutdown$$0000000C      0x00000142   Section        0  libshutdown2.o(.ARM.Collect$$libshutdown$$0000000C)
    .ARM.Collect$$libshutdown$$0000000F      0x00000142   Section        0  libshutdown2.o(.ARM.Collect$$libshutdown$$0000000F)
    .ARM.Collect$$libshutdown$$00000010      0x00000142   Section        2  libshutdown2.o(.ARM.Collect$$libshutdown$$00000010)
    .ARM.Collect$$rtentry$$00000000          0x00000144   Section        0  __rtentry.o(.ARM.Collect$$rtentry$$00000000)
    .ARM.Collect$$rtentry$$00000002          0x00000144   Section        0  __rtentry2.o(.ARM.Collect$$rtentry$$00000002)
    .ARM.Collect$$rtentry$$00000004          0x00000144   Section        6  __rtentry4.o(.ARM.Collect$$rtentry$$00000004)
    .ARM.Collect$$rtentry$$00000009          0x0000014a   Section        0  __rtentry2.o(.ARM.Collect$$rtentry$$00000009)
    .ARM.Collect$$rtentry$$0000000A          0x0000014a   Section        4  __rtentry2.o(.ARM.Collect$$rtentry$$0000000A)
    .ARM.Collect$$rtentry$$0000000C          0x0000014e   Section        0  __rtentry2.o(.ARM.Collect$$rtentry$$0000000C)
    .ARM.Collect$$rtentry$$0000000D          0x0000014e   Section        8  __rtentry2.o(.ARM.Collect$$rtentry$$0000000D)
    .ARM.Collect$$rtexit$$00000000           0x00000156   Section        2  rtexit.o(.ARM.Collect$$rtexit$$00000000)
    .ARM.Collect$$rtexit$$00000002           0x00000158   Section        0  rtexit2.o(.ARM.Collect$$rtexit$$00000002)
    .ARM.Collect$$rtexit$$00000003           0x00000158   Section        4  rtexit2.o(.ARM.Collect$$rtexit$$00000003)
    .ARM.Collect$$rtexit$$00000004           0x0000015c   Section        6  rtexit2.o(.ARM.Collect$$rtexit$$00000004)
    .text                                    0x00000162   Section        2  use_no_semi_2.o(.text)
    .text                                    0x00000164   Section      346  aeabi_sdiv.o(.text)
    .text                                    0x000002be   Section        2  use_no_semi.o(.text)
    .text                                    0x000002c0   Section       62  sys_stackheap_outer.o(.text)
    .text                                    0x000002fe   Section        0  exit.o(.text)
    .text                                    0x00000310   Section        8  libspace.o(.text)
    i.ACMP_IRQHandler                        0x00000318   Section        0  boot_isd93xx.o(i.ACMP_IRQHandler)
    i.ADC_IRQHandler                         0x0000031c   Section        0  drvadc.o(i.ADC_IRQHandler)
    i.ALC_IRQHandler                         0x000003b0   Section        0  boot_isd93xx.o(i.ALC_IRQHandler)
    i.BOD_IRQHandler                         0x000003b4   Section        0  boot_isd93xx.o(i.BOD_IRQHandler)
    i.CAPS_IRQHandler                        0x000003b8   Section        0  boot_isd93xx.o(i.CAPS_IRQHandler)
    i.DPWM_IRQHandler                        0x000003bc   Section        0  boot_isd93xx.o(i.DPWM_IRQHandler)
    i.Default_IRQHandler                     0x000003c0   Section        0  boot_isd93xx.o(i.Default_IRQHandler)
    i.DrvADC_AnaOpen                         0x000003c4   Section        0  drvadc.o(i.DrvADC_AnaOpen)
    i.DrvADC_Open                            0x00000420   Section        0  drvadc.o(i.DrvADC_Open)
    i.DrvADC_PGAMute                         0x000004f4   Section        0  drvadc.o(i.DrvADC_PGAMute)
    i.DrvADC_PGAUnMute                       0x00000520   Section        0  drvadc.o(i.DrvADC_PGAUnMute)
    i.DrvADC_PdmaEnable                      0x00000548   Section        0  drvadc.o(i.DrvADC_PdmaEnable)
    i.DrvADC_SetAMUX                         0x00000568   Section        0  drvadc.o(i.DrvADC_SetAMUX)
    i.DrvADC_SetAdcChannel                   0x000006ac   Section        0  drvadc.o(i.DrvADC_SetAdcChannel)
    i.DrvADC_SetMIC                          0x000008c4   Section        0  drvadc.o(i.DrvADC_SetMIC)
    i.DrvADC_SetPGA                          0x000008e0   Section        0  drvadc.o(i.DrvADC_SetPGA)
    i.DrvADC_SetPGAGaindB                    0x00000938   Section        0  drvadc.o(i.DrvADC_SetPGAGaindB)
    i.DrvADC_SetPower                        0x00000988   Section        0  drvadc.o(i.DrvADC_SetPower)
    i.DrvADC_SetVMID                         0x000009f4   Section        0  drvadc.o(i.DrvADC_SetVMID)
    i.DrvADC_StartConvert                    0x00000a38   Section        0  drvadc.o(i.DrvADC_StartConvert)
    i.DrvGPIO_I2S_MCLK_PB1                   0x00000a44   Section        0  drvgpio.o(i.DrvGPIO_I2S_MCLK_PB1)
    i.DrvGPIO_I2S_PA4_PA5_PA6_PA7            0x00000a58   Section        0  drvgpio.o(i.DrvGPIO_I2S_PA4_PA5_PA6_PA7)
    i.DrvI2S_EnableMCLK                      0x00000ab4   Section        0  drvi2s.o(i.DrvI2S_EnableMCLK)
    i.DrvI2S_EnableRx                        0x00000ad4   Section        0  drvi2s.o(i.DrvI2S_EnableRx)
    i.DrvI2S_EnableTx                        0x00000af0   Section        0  drvi2s.o(i.DrvI2S_EnableTx)
    i.DrvI2S_EnableTxDMA                     0x00000b0c   Section        0  drvi2s.o(i.DrvI2S_EnableTxDMA)
    i.DrvI2S_GetSourceClock                  0x00000b2c   Section        0  drvi2s.o(i.DrvI2S_GetSourceClock)
    i.DrvI2S_Open                            0x00000b80   Section        0  drvi2s.o(i.DrvI2S_Open)
    i.DrvI2S_SetMCLK                         0x00000c90   Section        0  drvi2s.o(i.DrvI2S_SetMCLK)
    i.DrvPDMA_CHEnablelTransfer              0x00000cc8   Section        0  drvpdma.o(i.DrvPDMA_CHEnablelTransfer)
    i.DrvPDMA_CHSoftwareReset                0x00000d08   Section        0  drvpdma.o(i.DrvPDMA_CHSoftwareReset)
    i.DrvPDMA_EnableInt                      0x00000d34   Section        0  drvpdma.o(i.DrvPDMA_EnableInt)
    i.DrvPDMA_Init                           0x00000d68   Section        0  drvpdma.o(i.DrvPDMA_Init)
    i.DrvPDMA_InstallCallBack                0x00000d94   Section        0  drvpdma.o(i.DrvPDMA_InstallCallBack)
    i.DrvPDMA_Open                           0x00000dc4   Section        0  drvpdma.o(i.DrvPDMA_Open)
    i.DrvPDMA_SetCHForAPBDevice              0x00000ed8   Section        0  drvpdma.o(i.DrvPDMA_SetCHForAPBDevice)
    i.DrvSYS_GetHCLK                         0x000010c0   Section        0  drvsys.o(i.DrvSYS_GetHCLK)
    i.EINT0_IRQHandler                       0x00001144   Section        0  drvgpio.o(i.EINT0_IRQHandler)
    i.EINT1_IRQHandler                       0x00001164   Section        0  drvgpio.o(i.EINT1_IRQHandler)
    i.GPAB_IRQHandler                        0x00001184   Section        0  drvgpio.o(i.GPAB_IRQHandler)
    i.GPIO_IRQHandler                        0x000011b8   Section        0  boot_isd93xx.o(i.GPIO_IRQHandler)
    i.HardFault_Handler                      0x000011bc   Section        0  boot_isd93xx.o(i.HardFault_Handler)
    i.I2C0_IRQHandler                        0x000011c0   Section        0  boot_isd93xx.o(i.I2C0_IRQHandler)
    i.I2S_IRQHandler                         0x000011c4   Section        0  drvi2s.o(i.I2S_IRQHandler)
    i.InitialADC                             0x00001340   Section        0  recordpcm.o(i.InitialADC)
    i.InitialI2S                             0x0000145c   Section        0  pdma_i2s.o(i.InitialI2S)
    i.LdoOn                                  0x000014a0   Section        0  mic_i2s.o(i.LdoOn)
    i.NMI_Handler                            0x000014cc   Section        0  boot_isd93xx.o(i.NMI_Handler)
    i.NVIC_EnableIRQ                         0x000014d0   Section        0  drvpdma.o(i.NVIC_EnableIRQ)
    NVIC_EnableIRQ                           0x000014d1   Thumb Code    14  drvpdma.o(i.NVIC_EnableIRQ)
    i.PDMA0_Callback                         0x000014e4   Section        0  recordpcm.o(i.PDMA0_Callback)
    i.PDMA0forMIC                            0x0000153c   Section        0  recordpcm.o(i.PDMA0forMIC)
    i.PDMA3_Callback                         0x000015a4   Section        0  pdma_i2s.o(i.PDMA3_Callback)
    i.PDMA3forI2S                            0x000015c0   Section        0  pdma_i2s.o(i.PDMA3forI2S)
    i.PDMA_IRQHandler                        0x00001640   Section        0  drvpdma.o(i.PDMA_IRQHandler)
    i.PWMA_IRQHandler                        0x000017e8   Section        0  boot_isd93xx.o(i.PWMA_IRQHandler)
    i.PendSV_Handler                         0x000017ec   Section        0  boot_isd93xx.o(i.PendSV_Handler)
    i.RTC_IRQHandler                         0x000017f0   Section        0  boot_isd93xx.o(i.RTC_IRQHandler)
    i.RecordStart                            0x000017f4   Section        0  recordpcm.o(i.RecordStart)
    i.Reset_Handler                          0x00001848   Section        0  boot_isd93xx.o(i.Reset_Handler)
    i.SPI0_IRQHandler                        0x0000187c   Section        0  boot_isd93xx.o(i.SPI0_IRQHandler)
    i.SVC_Handler                            0x00001880   Section        0  boot_isd93xx.o(i.SVC_Handler)
    i.StartI2SPdma                           0x00001884   Section        0  pdma_i2s.o(i.StartI2SPdma)
    i.SysTick_Handler                        0x000018a0   Section        0  boot_isd93xx.o(i.SysTick_Handler)
    i.TALARM_IRQHandler                      0x000018a4   Section        0  boot_isd93xx.o(i.TALARM_IRQHandler)
    i.TMR0_IRQHandler                        0x000018a8   Section        0  boot_isd93xx.o(i.TMR0_IRQHandler)
    i.TMR1_IRQHandler                        0x000018ac   Section        0  boot_isd93xx.o(i.TMR1_IRQHandler)
    i.Tdelay                                 0x000018b0   Section        0  setbiq.o(i.Tdelay)
    i.UART02_IRQHandler                      0x000018bc   Section        0  drvuart.o(i.UART02_IRQHandler)
    i.WDT_IRQHandler                         0x000018dc   Section        0  boot_isd93xx.o(i.WDT_IRQHandler)
    i.__ARM_common_switch8                   0x000018e0   Section        0  drvsys.o(i.__ARM_common_switch8)
    i.__user_initial_stackheap               0x000018fc   Section        0  boot_isd93xx.o(i.__user_initial_stackheap)
    i._sys_exit                              0x0000191a   Section        0  boot_isd93xx.o(i._sys_exit)
    i.main                                   0x00001920   Section        0  mic_i2s.o(i.main)
    i.u32BiqSetting                          0x000019a8   Section        0  setbiq.o(i.u32BiqSetting)
    .constdata                               0x00001a94   Section      120  setbiq.o(.constdata)
    .data                                    0x20000000   Section       28  recordpcm.o(.data)
    .data                                    0x2000001c   Section        5  pdma_i2s.o(.data)
    .data                                    0x20000024   Section        4  drvuart.o(.data)
    g_pfnUART0callback                       0x20000024   Data           4  drvuart.o(.data)
    .data                                    0x20000028   Section       12  drvgpio.o(.data)
    _pfGPABCallback                          0x20000028   Data           4  drvgpio.o(.data)
    _pfEINT0Callback                         0x2000002c   Data           4  drvgpio.o(.data)
    _pfEINT1Callback                         0x20000030   Data           4  drvgpio.o(.data)
    .bss                                     0x20000034   Section     2560  recordpcm.o(.bss)
    .bss                                     0x20000a34   Section       28  drvadc.o(.bss)
    .bss                                     0x20000a50   Section       60  drvpdma.o(.bss)
    g_pfnPDMACallback                        0x20000a50   Data          60  drvpdma.o(.bss)
    .bss                                     0x20000a8c   Section       32  drvi2s.o(.bss)
    I2SHandler                               0x20000a8c   Data          32  drvi2s.o(.bss)
    .bss                                     0x20000aac   Section       96  libspace.o(.bss)

    Global Symbols

    Symbol Name                              Value     Ov Type        Size  Object(Section)

    BuildAttributes$$THM_ISAv3M$S$PE$A:L22$X:L11$S22$IEEE1$IW$USESV6$~STKCKD$USESV7$~SHL$OSPACE$ROPI$EBA8$UX$STANDARDLIB$REQ8$PRES8$EABIv2 0x00000000   Number         0  anon$$obj.o ABSOLUTE
    __ARM_use_no_argv                        0x00000000   Number         0  mic_i2s.o ABSOLUTE
    __Vectors                                0x00000000   Data         192  boot_isd93xx.o(vectors)
    _printf_flags                            0x00000000   Number         0  printf_stubs.o ABSOLUTE
    _printf_return_value                     0x00000000   Number         0  printf_stubs.o ABSOLUTE
    _printf_sizespec                         0x00000000   Number         0  printf_stubs.o ABSOLUTE
    _printf_widthprec                        0x00000000   Number         0  printf_stubs.o ABSOLUTE
    __ARM_exceptions_init                     - Undefined Weak Reference
    __alloca_initialize                       - Undefined Weak Reference
    __arm_preinit_                            - Undefined Weak Reference
    __cpp_initialize__aeabi_                  - Undefined Weak Reference
    __cxa_finalize                            - Undefined Weak Reference
    __rt_locale                               - Undefined Weak Reference
    __sigvec_lookup                           - Undefined Weak Reference
    _atexit_init                              - Undefined Weak Reference
    _call_atexit_fns                          - Undefined Weak Reference
    _clock_init                               - Undefined Weak Reference
    _fp_trap_init                             - Undefined Weak Reference
    _fp_trap_shutdown                         - Undefined Weak Reference
    _get_lc_collate                           - Undefined Weak Reference
    _get_lc_ctype                             - Undefined Weak Reference
    _get_lc_monetary                          - Undefined Weak Reference
    _get_lc_numeric                           - Undefined Weak Reference
    _get_lc_time                              - Undefined Weak Reference
    _getenv_init                              - Undefined Weak Reference
    _handle_redirection                       - Undefined Weak Reference
    _init_alloc                               - Undefined Weak Reference
    _init_user_alloc                          - Undefined Weak Reference
    _initio                                   - Undefined Weak Reference
    _rand_init                                - Undefined Weak Reference
    _signal_finish                            - Undefined Weak Reference
    _signal_init                              - Undefined Weak Reference
    _terminate_alloc                          - Undefined Weak Reference
    _terminate_user_alloc                     - Undefined Weak Reference
    _terminateio                              - Undefined Weak Reference
    __main                                   0x000000c1   Thumb Code     8  __main.o(!!!main)
    __scatterload                            0x000000c9   Thumb Code     0  __scatter.o(!!!scatter)
    __scatterload_rt2                        0x000000c9   Thumb Code    52  __scatter.o(!!!scatter)
    __scatterload_rt2_thumb_only             0x000000c9   Thumb Code     0  __scatter.o(!!!scatter)
    __scatterload_null                       0x000000d9   Thumb Code     0  __scatter.o(!!!scatter)
    __scatterload_copy                       0x00000105   Thumb Code    26  __scatter_copy.o(!!handler_copy)
    __scatterload_zeroinit                   0x00000121   Thumb Code    28  __scatter_zi.o(!!handler_zi)
    __rt_lib_init                            0x0000013d   Thumb Code     0  libinit.o(.ARM.Collect$$libinit$$00000000)
    __rt_lib_init_alloca_1                   0x0000013f   Thumb Code     0  libinit2.o(.ARM.Collect$$libinit$$0000002E)
    __rt_lib_init_argv_1                     0x0000013f   Thumb Code     0  libinit2.o(.ARM.Collect$$libinit$$0000002C)
    __rt_lib_init_atexit_1                   0x0000013f   Thumb Code     0  libinit2.o(.ARM.Collect$$libinit$$0000001B)
    __rt_lib_init_clock_1                    0x0000013f   Thumb Code     0  libinit2.o(.ARM.Collect$$libinit$$00000021)
    __rt_lib_init_cpp_1                      0x0000013f   Thumb Code     0  libinit2.o(.ARM.Collect$$libinit$$00000032)
    __rt_lib_init_exceptions_1               0x0000013f   Thumb Code     0  libinit2.o(.ARM.Collect$$libinit$$00000030)
    __rt_lib_init_fp_1                       0x0000013f   Thumb Code     0  libinit2.o(.ARM.Collect$$libinit$$00000002)
    __rt_lib_init_fp_trap_1                  0x0000013f   Thumb Code     0  libinit2.o(.ARM.Collect$$libinit$$0000001F)
    __rt_lib_init_getenv_1                   0x0000013f   Thumb Code     0  libinit2.o(.ARM.Collect$$libinit$$00000023)
    __rt_lib_init_heap_1                     0x0000013f   Thumb Code     0  libinit2.o(.ARM.Collect$$libinit$$0000000A)
    __rt_lib_init_lc_collate_1               0x0000013f   Thumb Code     0  libinit2.o(.ARM.Collect$$libinit$$00000011)
    __rt_lib_init_lc_ctype_1                 0x0000013f   Thumb Code     0  libinit2.o(.ARM.Collect$$libinit$$00000013)
    __rt_lib_init_lc_monetary_1              0x0000013f   Thumb Code     0  libinit2.o(.ARM.Collect$$libinit$$00000015)
    __rt_lib_init_lc_numeric_1               0x0000013f   Thumb Code     0  libinit2.o(.ARM.Collect$$libinit$$00000017)
    __rt_lib_init_lc_time_1                  0x0000013f   Thumb Code     0  libinit2.o(.ARM.Collect$$libinit$$00000019)
    __rt_lib_init_preinit_1                  0x0000013f   Thumb Code     0  libinit2.o(.ARM.Collect$$libinit$$00000004)
    __rt_lib_init_rand_1                     0x0000013f   Thumb Code     0  libinit2.o(.ARM.Collect$$libinit$$0000000E)
    __rt_lib_init_return                     0x0000013f   Thumb Code     0  libinit2.o(.ARM.Collect$$libinit$$00000033)
    __rt_lib_init_signal_1                   0x0000013f   Thumb Code     0  libinit2.o(.ARM.Collect$$libinit$$0000001D)
    __rt_lib_init_stdio_1                    0x0000013f   Thumb Code     0  libinit2.o(.ARM.Collect$$libinit$$00000025)
    __rt_lib_init_user_alloc_1               0x0000013f   Thumb Code     0  libinit2.o(.ARM.Collect$$libinit$$0000000C)
    __rt_lib_shutdown                        0x00000141   Thumb Code     0  libshutdown.o(.ARM.Collect$$libshutdown$$00000000)
    __rt_lib_shutdown_cpp_1                  0x00000143   Thumb Code     0  libshutdown2.o(.ARM.Collect$$libshutdown$$00000002)
    __rt_lib_shutdown_fp_trap_1              0x00000143   Thumb Code     0  libshutdown2.o(.ARM.Collect$$libshutdown$$00000007)
    __rt_lib_shutdown_heap_1                 0x00000143   Thumb Code     0  libshutdown2.o(.ARM.Collect$$libshutdown$$0000000F)
    __rt_lib_shutdown_return                 0x00000143   Thumb Code     0  libshutdown2.o(.ARM.Collect$$libshutdown$$00000010)
    __rt_lib_shutdown_signal_1               0x00000143   Thumb Code     0  libshutdown2.o(.ARM.Collect$$libshutdown$$0000000A)
    __rt_lib_shutdown_stdio_1                0x00000143   Thumb Code     0  libshutdown2.o(.ARM.Collect$$libshutdown$$00000004)
    __rt_lib_shutdown_user_alloc_1           0x00000143   Thumb Code     0  libshutdown2.o(.ARM.Collect$$libshutdown$$0000000C)
    __rt_entry                               0x00000145   Thumb Code     0  __rtentry.o(.ARM.Collect$$rtentry$$00000000)
    __rt_entry_presh_1                       0x00000145   Thumb Code     0  __rtentry2.o(.ARM.Collect$$rtentry$$00000002)
    __rt_entry_sh                            0x00000145   Thumb Code     0  __rtentry4.o(.ARM.Collect$$rtentry$$00000004)
    __rt_entry_li                            0x0000014b   Thumb Code     0  __rtentry2.o(.ARM.Collect$$rtentry$$0000000A)
    __rt_entry_postsh_1                      0x0000014b   Thumb Code     0  __rtentry2.o(.ARM.Collect$$rtentry$$00000009)
    __rt_entry_main                          0x0000014f   Thumb Code     0  __rtentry2.o(.ARM.Collect$$rtentry$$0000000D)
    __rt_entry_postli_1                      0x0000014f   Thumb Code     0  __rtentry2.o(.ARM.Collect$$rtentry$$0000000C)
    __rt_exit                                0x00000157   Thumb Code     0  rtexit.o(.ARM.Collect$$rtexit$$00000000)
    __rt_exit_ls                             0x00000159   Thumb Code     0  rtexit2.o(.ARM.Collect$$rtexit$$00000003)
    __rt_exit_prels_1                        0x00000159   Thumb Code     0  rtexit2.o(.ARM.Collect$$rtexit$$00000002)
    __rt_exit_exit                           0x0000015d   Thumb Code     0  rtexit2.o(.ARM.Collect$$rtexit$$00000004)
    __use_no_semihosting                     0x00000163   Thumb Code     2  use_no_semi_2.o(.text)
    __aeabi_uidiv                            0x00000165   Thumb Code     0  aeabi_sdiv.o(.text)
    __aeabi_uidivmod                         0x00000165   Thumb Code    20  aeabi_sdiv.o(.text)
    __aeabi_idiv                             0x00000179   Thumb Code     0  aeabi_sdiv.o(.text)
    __aeabi_idivmod                          0x00000179   Thumb Code   326  aeabi_sdiv.o(.text)
    __I$use$semihosting                      0x000002bf   Thumb Code     0  use_no_semi.o(.text)
    __use_no_semihosting_swi                 0x000002bf   Thumb Code     2  use_no_semi.o(.text)
    __user_setup_stackheap                   0x000002c1   Thumb Code    62  sys_stackheap_outer.o(.text)
    exit                                     0x000002ff   Thumb Code    16  exit.o(.text)
    __user_libspace                          0x00000311   Thumb Code     8  libspace.o(.text)
    __user_perproc_libspace                  0x00000311   Thumb Code     0  libspace.o(.text)
    __user_perthread_libspace                0x00000311   Thumb Code     0  libspace.o(.text)
    ACMP_IRQHandler                          0x00000319   Thumb Code     4  boot_isd93xx.o(i.ACMP_IRQHandler)
    ADC_IRQHandler                           0x0000031d   Thumb Code   138  drvadc.o(i.ADC_IRQHandler)
    ALC_IRQHandler                           0x000003b1   Thumb Code     4  boot_isd93xx.o(i.ALC_IRQHandler)
    BOD_IRQHandler                           0x000003b5   Thumb Code     4  boot_isd93xx.o(i.BOD_IRQHandler)
    CAPS_IRQHandler                          0x000003b9   Thumb Code     4  boot_isd93xx.o(i.CAPS_IRQHandler)
    DPWM_IRQHandler                          0x000003bd   Thumb Code     4  boot_isd93xx.o(i.DPWM_IRQHandler)
    Default_IRQHandler                       0x000003c1   Thumb Code     4  boot_isd93xx.o(i.Default_IRQHandler)
    DrvADC_AnaOpen                           0x000003c5   Thumb Code    84  drvadc.o(i.DrvADC_AnaOpen)
    DrvADC_Open                              0x00000421   Thumb Code   190  drvadc.o(i.DrvADC_Open)
    DrvADC_PGAMute                           0x000004f5   Thumb Code    38  drvadc.o(i.DrvADC_PGAMute)
    DrvADC_PGAUnMute                         0x00000521   Thumb Code    34  drvadc.o(i.DrvADC_PGAUnMute)
    DrvADC_PdmaEnable                        0x00000549   Thumb Code    26  drvadc.o(i.DrvADC_PdmaEnable)
    DrvADC_SetAMUX                           0x00000569   Thumb Code   318  drvadc.o(i.DrvADC_SetAMUX)
    DrvADC_SetAdcChannel                     0x000006ad   Thumb Code   522  drvadc.o(i.DrvADC_SetAdcChannel)
    DrvADC_SetMIC                            0x000008c5   Thumb Code    24  drvadc.o(i.DrvADC_SetMIC)
    DrvADC_SetPGA                            0x000008e1   Thumb Code    82  drvadc.o(i.DrvADC_SetPGA)
    DrvADC_SetPGAGaindB                      0x00000939   Thumb Code    68  drvadc.o(i.DrvADC_SetPGAGaindB)
    DrvADC_SetPower                          0x00000989   Thumb Code   104  drvadc.o(i.DrvADC_SetPower)
    DrvADC_SetVMID                           0x000009f5   Thumb Code    62  drvadc.o(i.DrvADC_SetVMID)
    DrvADC_StartConvert                      0x00000a39   Thumb Code     8  drvadc.o(i.DrvADC_StartConvert)
    DrvGPIO_I2S_MCLK_PB1                     0x00000a45   Thumb Code    20  drvgpio.o(i.DrvGPIO_I2S_MCLK_PB1)
    DrvGPIO_I2S_PA4_PA5_PA6_PA7              0x00000a59   Thumb Code    90  drvgpio.o(i.DrvGPIO_I2S_PA4_PA5_PA6_PA7)
    DrvI2S_EnableMCLK                        0x00000ab5   Thumb Code    26  drvi2s.o(i.DrvI2S_EnableMCLK)
    DrvI2S_EnableRx                          0x00000ad5   Thumb Code    22  drvi2s.o(i.DrvI2S_EnableRx)
    DrvI2S_EnableTx                          0x00000af1   Thumb Code    22  drvi2s.o(i.DrvI2S_EnableTx)
    DrvI2S_EnableTxDMA                       0x00000b0d   Thumb Code    26  drvi2s.o(i.DrvI2S_EnableTxDMA)
    DrvI2S_GetSourceClock                    0x00000b2d   Thumb Code    70  drvi2s.o(i.DrvI2S_GetSourceClock)
    DrvI2S_Open                              0x00000b81   Thumb Code   264  drvi2s.o(i.DrvI2S_Open)
    DrvI2S_SetMCLK                           0x00000c91   Thumb Code    50  drvi2s.o(i.DrvI2S_SetMCLK)
    DrvPDMA_CHEnablelTransfer                0x00000cc9   Thumb Code    56  drvpdma.o(i.DrvPDMA_CHEnablelTransfer)
    DrvPDMA_CHSoftwareReset                  0x00000d09   Thumb Code    36  drvpdma.o(i.DrvPDMA_CHSoftwareReset)
    DrvPDMA_EnableInt                        0x00000d35   Thumb Code    42  drvpdma.o(i.DrvPDMA_EnableInt)
    DrvPDMA_Init                             0x00000d69   Thumb Code    36  drvpdma.o(i.DrvPDMA_Init)
    DrvPDMA_InstallCallBack                  0x00000d95   Thumb Code    40  drvpdma.o(i.DrvPDMA_InstallCallBack)
    DrvPDMA_Open                             0x00000dc5   Thumb Code   262  drvpdma.o(i.DrvPDMA_Open)
    DrvPDMA_SetCHForAPBDevice                0x00000ed9   Thumb Code   480  drvpdma.o(i.DrvPDMA_SetCHForAPBDevice)
    DrvSYS_GetHCLK                           0x000010c1   Thumb Code   126  drvsys.o(i.DrvSYS_GetHCLK)
    EINT0_IRQHandler                         0x00001145   Thumb Code    24  drvgpio.o(i.EINT0_IRQHandler)
    EINT1_IRQHandler                         0x00001165   Thumb Code    24  drvgpio.o(i.EINT1_IRQHandler)
    GPAB_IRQHandler                          0x00001185   Thumb Code    42  drvgpio.o(i.GPAB_IRQHandler)
    GPIO_IRQHandler                          0x000011b9   Thumb Code     4  boot_isd93xx.o(i.GPIO_IRQHandler)
    HardFault_Handler                        0x000011bd   Thumb Code     4  boot_isd93xx.o(i.HardFault_Handler)
    I2C0_IRQHandler                          0x000011c1   Thumb Code     4  boot_isd93xx.o(i.I2C0_IRQHandler)
    I2S_IRQHandler                           0x000011c5   Thumb Code   370  drvi2s.o(i.I2S_IRQHandler)
    InitialADC                               0x00001341   Thumb Code   272  recordpcm.o(i.InitialADC)
    InitialI2S                               0x0000145d   Thumb Code    68  pdma_i2s.o(i.InitialI2S)
    LdoOn                                    0x000014a1   Thumb Code    34  mic_i2s.o(i.LdoOn)
    NMI_Handler                              0x000014cd   Thumb Code     4  boot_isd93xx.o(i.NMI_Handler)
    PDMA0_Callback                           0x000014e5   Thumb Code    58  recordpcm.o(i.PDMA0_Callback)
    PDMA0forMIC                              0x0000153d   Thumb Code    94  recordpcm.o(i.PDMA0forMIC)
    PDMA3_Callback                           0x000015a5   Thumb Code    18  pdma_i2s.o(i.PDMA3_Callback)
    PDMA3forI2S                              0x000015c1   Thumb Code   112  pdma_i2s.o(i.PDMA3forI2S)
    PDMA_IRQHandler                          0x00001641   Thumb Code   408  drvpdma.o(i.PDMA_IRQHandler)
    PWMA_IRQHandler                          0x000017e9   Thumb Code     4  boot_isd93xx.o(i.PWMA_IRQHandler)
    PendSV_Handler                           0x000017ed   Thumb Code     4  boot_isd93xx.o(i.PendSV_Handler)
    RTC_IRQHandler                           0x000017f1   Thumb Code     4  boot_isd93xx.o(i.RTC_IRQHandler)
    RecordStart                              0x000017f5   Thumb Code    52  recordpcm.o(i.RecordStart)
    Reset_Handler                            0x00001849   Thumb Code    46  boot_isd93xx.o(i.Reset_Handler)
    SPI0_IRQHandler                          0x0000187d   Thumb Code     4  boot_isd93xx.o(i.SPI0_IRQHandler)
    SVC_Handler                              0x00001881   Thumb Code     4  boot_isd93xx.o(i.SVC_Handler)
    StartI2SPdma                             0x00001885   Thumb Code    18  pdma_i2s.o(i.StartI2SPdma)
    SysTick_Handler                          0x000018a1   Thumb Code     4  boot_isd93xx.o(i.SysTick_Handler)
    TALARM_IRQHandler                        0x000018a5   Thumb Code     4  boot_isd93xx.o(i.TALARM_IRQHandler)
    TMR0_IRQHandler                          0x000018a9   Thumb Code     4  boot_isd93xx.o(i.TMR0_IRQHandler)
    TMR1_IRQHandler                          0x000018ad   Thumb Code     4  boot_isd93xx.o(i.TMR1_IRQHandler)
    Tdelay                                   0x000018b1   Thumb Code    12  setbiq.o(i.Tdelay)
    UART02_IRQHandler                        0x000018bd   Thumb Code    24  drvuart.o(i.UART02_IRQHandler)
    WDT_IRQHandler                           0x000018dd   Thumb Code     4  boot_isd93xx.o(i.WDT_IRQHandler)
    __ARM_common_switch8                     0x000018e1   Thumb Code    28  drvsys.o(i.__ARM_common_switch8)
    __user_initial_stackheap                 0x000018fd   Thumb Code    30  boot_isd93xx.o(i.__user_initial_stackheap)
    _sys_exit                                0x0000191b   Thumb Code     4  boot_isd93xx.o(i._sys_exit)
    main                                     0x00001921   Thumb Code   120  mic_i2s.o(i.main)
    u32BiqSetting                            0x000019a9   Thumb Code   210  setbiq.o(i.u32BiqSetting)
    i32BiqCoeff                              0x00001a94   Data          60  setbiq.o(.constdata)
    u32BiqCoeff                              0x00001ad0   Data          60  setbiq.o(.constdata)
    Region$$Table$$Base                      0x00001b0c   Number         0  anon$$obj.o(Region$$Table)
    Region$$Table$$Limit                     0x00001b2c   Number         0  anon$$obj.o(Region$$Table)
    CallBackCounter0                         0x20000000   Data           4  recordpcm.o(.data)
    u32MicTempAddr0                          0x20000004   Data           4  recordpcm.o(.data)
    u32MicTempAddr1                          0x20000008   Data           4  recordpcm.o(.data)
    BufferReadyAddr                          0x2000000c   Data           4  recordpcm.o(.data)
    u32I2sTempAddr0                          0x20000010   Data           4  recordpcm.o(.data)
    u32I2sTempAddr1                          0x20000014   Data           4  recordpcm.o(.data)
    I2sBufferEmptyAddr                       0x20000018   Data           4  recordpcm.o(.data)
    PDMA3CallBackCount                       0x2000001c   Data           4  pdma_i2s.o(.data)
    bI2sBufferEmpty                          0x20000020   Data           1  pdma_i2s.o(.data)
    MicBuffer                                0x20000034   Data        2048  recordpcm.o(.bss)
    I2sBuffer                                0x20000834   Data         512  recordpcm.o(.bss)
    gsAdcTable                               0x20000a34   Data          28  drvadc.o(.bss)
    __libspace_start                         0x20000aac   Data          96  libspace.o(.bss)
    __temporary_stack_top$libspace           0x20000b0c   Data           0  libspace.o(.bss)



==============================================================================

Memory Map of the image

  Image Entry point : 0x00001849

  Load Region LR_1 (Base: 0x00000000, Size: 0x00001b60, Max: 0xffffffff, ABSOLUTE)

    Execution Region ER_RO (Base: 0x00000000, Size: 0x00001b2c, Max: 0xffffffff, ABSOLUTE)

    Base Addr    Size         Type   Attr      Idx    E Section Name        Object

    0x00000000   0x000000c0   Data   RO           43    vectors             boot_isd93xx.o
    0x000000c0   0x00000008   Code   RO         2461  * !!!main             c_p.l(__main.o)
    0x000000c8   0x0000003c   Code   RO         2626    !!!scatter          c_p.l(__scatter.o)
    0x00000104   0x0000001a   Code   RO         2628    !!handler_copy      c_p.l(__scatter_copy.o)
    0x0000011e   0x00000002   PAD
    0x00000120   0x0000001c   Code   RO         2630    !!handler_zi        c_p.l(__scatter_zi.o)
    0x0000013c   0x00000002   Code   RO         2501    .ARM.Collect$$libinit$$00000000  c_p.l(libinit.o)
    0x0000013e   0x00000000   Code   RO         2515    .ARM.Collect$$libinit$$00000002  c_p.l(libinit2.o)
    0x0000013e   0x00000000   Code   RO         2517    .ARM.Collect$$libinit$$00000004  c_p.l(libinit2.o)
    0x0000013e   0x00000000   Code   RO         2520    .ARM.Collect$$libinit$$0000000A  c_p.l(libinit2.o)
    0x0000013e   0x00000000   Code   RO         2522    .ARM.Collect$$libinit$$0000000C  c_p.l(libinit2.o)
    0x0000013e   0x00000000   Code   RO         2524    .ARM.Collect$$libinit$$0000000E  c_p.l(libinit2.o)
    0x0000013e   0x00000000   Code   RO         2527    .ARM.Collect$$libinit$$00000011  c_p.l(libinit2.o)
    0x0000013e   0x00000000   Code   RO         2529    .ARM.Collect$$libinit$$00000013  c_p.l(libinit2.o)
    0x0000013e   0x00000000   Code   RO         2531    .ARM.Collect$$libinit$$00000015  c_p.l(libinit2.o)
    0x0000013e   0x00000000   Code   RO         2533    .ARM.Collect$$libinit$$00000017  c_p.l(libinit2.o)
    0x0000013e   0x00000000   Code   RO         2535    .ARM.Collect$$libinit$$00000019  c_p.l(libinit2.o)
    0x0000013e   0x00000000   Code   RO         2537    .ARM.Collect$$libinit$$0000001B  c_p.l(libinit2.o)
    0x0000013e   0x00000000   Code   RO         2539    .ARM.Collect$$libinit$$0000001D  c_p.l(libinit2.o)
    0x0000013e   0x00000000   Code   RO         2541    .ARM.Collect$$libinit$$0000001F  c_p.l(libinit2.o)
    0x0000013e   0x00000000   Code   RO         2543    .ARM.Collect$$libinit$$00000021  c_p.l(libinit2.o)
    0x0000013e   0x00000000   Code   RO         2545    .ARM.Collect$$libinit$$00000023  c_p.l(libinit2.o)
    0x0000013e   0x00000000   Code   RO         2547    .ARM.Collect$$libinit$$00000025  c_p.l(libinit2.o)
    0x0000013e   0x00000000   Code   RO         2551    .ARM.Collect$$libinit$$0000002C  c_p.l(libinit2.o)
    0x0000013e   0x00000000   Code   RO         2553    .ARM.Collect$$libinit$$0000002E  c_p.l(libinit2.o)
    0x0000013e   0x00000000   Code   RO         2555    .ARM.Collect$$libinit$$00000030  c_p.l(libinit2.o)
    0x0000013e   0x00000000   Code   RO         2557    .ARM.Collect$$libinit$$00000032  c_p.l(libinit2.o)
    0x0000013e   0x00000002   Code   RO         2558    .ARM.Collect$$libinit$$00000033  c_p.l(libinit2.o)
    0x00000140   0x00000002   Code   RO         2582    .ARM.Collect$$libshutdown$$00000000  c_p.l(libshutdown.o)
    0x00000142   0x00000000   Code   RO         2608    .ARM.Collect$$libshutdown$$00000002  c_p.l(libshutdown2.o)
    0x00000142   0x00000000   Code   RO         2610    .ARM.Collect$$libshutdown$$00000004  c_p.l(libshutdown2.o)
    0x00000142   0x00000000   Code   RO         2613    .ARM.Collect$$libshutdown$$00000007  c_p.l(libshutdown2.o)
    0x00000142   0x00000000   Code   RO         2616    .ARM.Collect$$libshutdown$$0000000A  c_p.l(libshutdown2.o)
    0x00000142   0x00000000   Code   RO         2618    .ARM.Collect$$libshutdown$$0000000C  c_p.l(libshutdown2.o)
    0x00000142   0x00000000   Code   RO         2621    .ARM.Collect$$libshutdown$$0000000F  c_p.l(libshutdown2.o)
    0x00000142   0x00000002   Code   RO         2622    .ARM.Collect$$libshutdown$$00000010  c_p.l(libshutdown2.o)
    0x00000144   0x00000000   Code   RO         2465    .ARM.Collect$$rtentry$$00000000  c_p.l(__rtentry.o)
    0x00000144   0x00000000   Code   RO         2471    .ARM.Collect$$rtentry$$00000002  c_p.l(__rtentry2.o)
    0x00000144   0x00000006   Code   RO         2483    .ARM.Collect$$rtentry$$00000004  c_p.l(__rtentry4.o)
    0x0000014a   0x00000000   Code   RO         2473    .ARM.Collect$$rtentry$$00000009  c_p.l(__rtentry2.o)
    0x0000014a   0x00000004   Code   RO         2474    .ARM.Collect$$rtentry$$0000000A  c_p.l(__rtentry2.o)
    0x0000014e   0x00000000   Code   RO         2476    .ARM.Collect$$rtentry$$0000000C  c_p.l(__rtentry2.o)
    0x0000014e   0x00000008   Code   RO         2477    .ARM.Collect$$rtentry$$0000000D  c_p.l(__rtentry2.o)
    0x00000156   0x00000002   Code   RO         2506    .ARM.Collect$$rtexit$$00000000  c_p.l(rtexit.o)
    0x00000158   0x00000000   Code   RO         2560    .ARM.Collect$$rtexit$$00000002  c_p.l(rtexit2.o)
    0x00000158   0x00000004   Code   RO         2561    .ARM.Collect$$rtexit$$00000003  c_p.l(rtexit2.o)
    0x0000015c   0x00000006   Code   RO         2562    .ARM.Collect$$rtexit$$00000004  c_p.l(rtexit2.o)
    0x00000162   0x00000002   Code   RO         2455    .text               c_p.l(use_no_semi_2.o)
    0x00000164   0x0000015a   Code   RO         2457    .text               c_p.l(aeabi_sdiv.o)
    0x000002be   0x00000002   Code   RO         2463    .text               c_p.l(use_no_semi.o)
    0x000002c0   0x0000003e   Code   RO         2487    .text               c_p.l(sys_stackheap_outer.o)
    0x000002fe   0x00000010   Code   RO         2490    .text               c_p.l(exit.o)
    0x0000030e   0x00000002   PAD
    0x00000310   0x00000008   Code   RO         2502    .text               c_p.l(libspace.o)
    0x00000318   0x00000004   Code   RO           13    i.ACMP_IRQHandler   boot_isd93xx.o
    0x0000031c   0x00000094   Code   RO          919    i.ADC_IRQHandler    drvadc.o
    0x000003b0   0x00000004   Code   RO           15    i.ALC_IRQHandler    boot_isd93xx.o
    0x000003b4   0x00000004   Code   RO           16    i.BOD_IRQHandler    boot_isd93xx.o
    0x000003b8   0x00000004   Code   RO           17    i.CAPS_IRQHandler   boot_isd93xx.o
    0x000003bc   0x00000004   Code   RO           18    i.DPWM_IRQHandler   boot_isd93xx.o
    0x000003c0   0x00000004   Code   RO           19    i.Default_IRQHandler  boot_isd93xx.o
    0x000003c4   0x0000005c   Code   RO          925    i.DrvADC_AnaOpen    drvadc.o
    0x00000420   0x000000d4   Code   RO          939    i.DrvADC_Open       drvadc.o
    0x000004f4   0x0000002c   Code   RO          940    i.DrvADC_PGAMute    drvadc.o
    0x00000520   0x00000028   Code   RO          941    i.DrvADC_PGAUnMute  drvadc.o
    0x00000548   0x00000020   Code   RO          943    i.DrvADC_PdmaEnable  drvadc.o
    0x00000568   0x00000144   Code   RO          945    i.DrvADC_SetAMUX    drvadc.o
    0x000006ac   0x00000218   Code   RO          946    i.DrvADC_SetAdcChannel  drvadc.o
    0x000008c4   0x0000001c   Code   RO          952    i.DrvADC_SetMIC     drvadc.o
    0x000008e0   0x00000058   Code   RO          954    i.DrvADC_SetPGA     drvadc.o
    0x00000938   0x00000050   Code   RO          955    i.DrvADC_SetPGAGaindB  drvadc.o
    0x00000988   0x0000006c   Code   RO          956    i.DrvADC_SetPower   drvadc.o
    0x000009f4   0x00000044   Code   RO          957    i.DrvADC_SetVMID    drvadc.o
    0x00000a38   0x0000000c   Code   RO          958    i.DrvADC_StartConvert  drvadc.o
    0x00000a44   0x00000014   Code   RO         1458    i.DrvGPIO_I2S_MCLK_PB1  drvgpio.o
    0x00000a58   0x0000005a   Code   RO         1459    i.DrvGPIO_I2S_PA4_PA5_PA6_PA7  drvgpio.o
    0x00000ab2   0x00000002   PAD
    0x00000ab4   0x00000020   Code   RO         2320    i.DrvI2S_EnableMCLK  drvi2s.o
    0x00000ad4   0x0000001c   Code   RO         2321    i.DrvI2S_EnableRx   drvi2s.o
    0x00000af0   0x0000001c   Code   RO         2323    i.DrvI2S_EnableTx   drvi2s.o
    0x00000b0c   0x00000020   Code   RO         2324    i.DrvI2S_EnableTxDMA  drvi2s.o
    0x00000b2c   0x00000054   Code   RO         2329    i.DrvI2S_GetSourceClock  drvi2s.o
    0x00000b80   0x00000110   Code   RO         2331    i.DrvI2S_Open       drvi2s.o
    0x00000c90   0x00000038   Code   RO         2334    i.DrvI2S_SetMCLK    drvi2s.o
    0x00000cc8   0x00000040   Code   RO         1190    i.DrvPDMA_CHEnablelTransfer  drvpdma.o
    0x00000d08   0x0000002c   Code   RO         1191    i.DrvPDMA_CHSoftwareReset  drvpdma.o
    0x00000d34   0x00000034   Code   RO         1197    i.DrvPDMA_EnableInt  drvpdma.o
    0x00000d68   0x0000002c   Code   RO         1209    i.DrvPDMA_Init      drvpdma.o
    0x00000d94   0x00000030   Code   RO         1210    i.DrvPDMA_InstallCallBack  drvpdma.o
    0x00000dc4   0x00000114   Code   RO         1214    i.DrvPDMA_Open      drvpdma.o
    0x00000ed8   0x000001e8   Code   RO         1217    i.DrvPDMA_SetCHForAPBDevice  drvpdma.o
    0x000010c0   0x00000084   Code   RO          632    i.DrvSYS_GetHCLK    drvsys.o
    0x00001144   0x00000020   Code   RO         1523    i.EINT0_IRQHandler  drvgpio.o
    0x00001164   0x00000020   Code   RO         1524    i.EINT1_IRQHandler  drvgpio.o
    0x00001184   0x00000034   Code   RO         1525    i.GPAB_IRQHandler   drvgpio.o
    0x000011b8   0x00000004   Code   RO           23    i.GPIO_IRQHandler   boot_isd93xx.o
    0x000011bc   0x00000004   Code   RO           24    i.HardFault_Handler  boot_isd93xx.o
    0x000011c0   0x00000004   Code   RO           25    i.I2C0_IRQHandler   boot_isd93xx.o
    0x000011c4   0x0000017c   Code   RO         2335    i.I2S_IRQHandler    drvi2s.o
    0x00001340   0x0000011c   Code   RO          264    i.InitialADC        recordpcm.o
    0x0000145c   0x00000044   Code   RO          321    i.InitialI2S        pdma_i2s.o
    0x000014a0   0x0000002c   Code   RO          414    i.LdoOn             mic_i2s.o
    0x000014cc   0x00000004   Code   RO           27    i.NMI_Handler       boot_isd93xx.o
    0x000014d0   0x00000014   Code   RO         1220    i.NVIC_EnableIRQ    drvpdma.o
    0x000014e4   0x00000058   Code   RO          265    i.PDMA0_Callback    recordpcm.o
    0x0000153c   0x00000068   Code   RO          266    i.PDMA0forMIC       recordpcm.o
    0x000015a4   0x0000001c   Code   RO          322    i.PDMA3_Callback    pdma_i2s.o
    0x000015c0   0x00000080   Code   RO          323    i.PDMA3forI2S       pdma_i2s.o
    0x00001640   0x000001a8   Code   RO         1221    i.PDMA_IRQHandler   drvpdma.o
    0x000017e8   0x00000004   Code   RO           29    i.PWMA_IRQHandler   boot_isd93xx.o
    0x000017ec   0x00000004   Code   RO           30    i.PendSV_Handler    boot_isd93xx.o
    0x000017f0   0x00000004   Code   RO           31    i.RTC_IRQHandler    boot_isd93xx.o
    0x000017f4   0x00000054   Code   RO          267    i.RecordStart       recordpcm.o
    0x00001848   0x00000034   Code   RO           32  * i.Reset_Handler     boot_isd93xx.o
    0x0000187c   0x00000004   Code   RO           33    i.SPI0_IRQHandler   boot_isd93xx.o
    0x00001880   0x00000004   Code   RO           34    i.SVC_Handler       boot_isd93xx.o
    0x00001884   0x0000001c   Code   RO          324    i.StartI2SPdma      pdma_i2s.o
    0x000018a0   0x00000004   Code   RO           35    i.SysTick_Handler   boot_isd93xx.o
    0x000018a4   0x00000004   Code   RO           36    i.TALARM_IRQHandler  boot_isd93xx.o
    0x000018a8   0x00000004   Code   RO           37    i.TMR0_IRQHandler   boot_isd93xx.o
    0x000018ac   0x00000004   Code   RO           38    i.TMR1_IRQHandler   boot_isd93xx.o
    0x000018b0   0x0000000c   Code   RO          383    i.Tdelay            setbiq.o
    0x000018bc   0x00000020   Code   RO          786    i.UART02_IRQHandler  drvuart.o
    0x000018dc   0x00000004   Code   RO           40    i.WDT_IRQHandler    boot_isd93xx.o
    0x000018e0   0x0000001c   Code   RO          752    i.__ARM_common_switch8  drvsys.o
    0x000018fc   0x0000001e   Code   RO           41    i.__user_initial_stackheap  boot_isd93xx.o
    0x0000191a   0x00000004   Code   RO           42    i._sys_exit         boot_isd93xx.o
    0x0000191e   0x00000002   PAD
    0x00001920   0x00000088   Code   RO          417    i.main              mic_i2s.o
    0x000019a8   0x000000ec   Code   RO          385    i.u32BiqSetting     setbiq.o
    0x00001a94   0x00000078   Data   RO          386    .constdata          setbiq.o
    0x00001b0c   0x00000020   Data   RO         2624    Region$$Table       anon$$obj.o


    Execution Region ER_RW (Base: 0x20000000, Size: 0x00000034, Max: 0xffffffff, ABSOLUTE)

    Base Addr    Size         Type   Attr      Idx    E Section Name        Object

    0x20000000   0x0000001c   Data   RW          269    .data               recordpcm.o
    0x2000001c   0x00000005   Data   RW          325    .data               pdma_i2s.o
    0x20000021   0x00000003   PAD
    0x20000024   0x00000004   Data   RW          787    .data               drvuart.o
    0x20000028   0x0000000c   Data   RW         1529    .data               drvgpio.o


    Execution Region ER_ZI (Base: 0x20000034, Size: 0x00000ad8, Max: 0xffffffff, ABSOLUTE)

    Base Addr    Size         Type   Attr      Idx    E Section Name        Object

    0x20000034   0x00000a00   Zero   RW          268    .bss                recordpcm.o
    0x20000a34   0x0000001c   Zero   RW          961    .bss                drvadc.o
    0x20000a50   0x0000003c   Zero   RW         1222    .bss                drvpdma.o
    0x20000a8c   0x00000020   Zero   RW         2336    .bss                drvi2s.o
    0x20000aac   0x00000060   Zero   RW         2503    .bss                c_p.l(libspace.o)


==============================================================================

Image component sizes


      Code (inc. data)   RO Data    RW Data    ZI Data      Debug   Object Name

       166          6        192          0          0      14577   boot_isd93xx.o
         0          0          0          0          0       4508   core_cm0.o
      1812        132          0          0         28      14583   drvadc.o
       226         26          0         12          0       3301   drvgpio.o
       912         62          0          0         32       7549   drvi2s.o
      1460         94          0          0         60      17448   drvpdma.o
       160          6          0          0          0        781   drvsys.o
        32          8          0          4          0       3792   drvuart.o
       180         26          0          0          0        903   mic_i2s.o
       252         36          0          5          0      41737   pdma_i2s.o
       560         84          0         28       2560      10337   recordpcm.o
       248         26        120          0          0       1687   setbiq.o

    ----------------------------------------------------------------------
      6012        506        344         52       2680     121203   Object Totals
         0          0         32          0          0          0   (incl. Generated)
         4          0          0          3          0          0   (incl. Padding)

    ----------------------------------------------------------------------

      Code (inc. data)   RO Data    RW Data    ZI Data      Debug   Library Member Name

         8          0          0          0          0         68   __main.o
         0          0          0          0          0          0   __rtentry.o
        12          0          0          0          0          0   __rtentry2.o
         6          0          0          0          0          0   __rtentry4.o
        60          8          0          0          0          0   __scatter.o
        26          0          0          0          0          0   __scatter_copy.o
        28          0          0          0          0          0   __scatter_zi.o
       346          0          0          0          0         92   aeabi_sdiv.o
        16          0          0          0          0         68   exit.o
         2          0          0          0          0          0   libinit.o
         2          0          0          0          0          0   libinit2.o
         2          0          0          0          0          0   libshutdown.o
         2          0          0          0          0          0   libshutdown2.o
         8          4          0          0         96         68   libspace.o
         2          0          0          0          0          0   rtexit.o
        10          0          0          0          0          0   rtexit2.o
        62          0          0          0          0         80   sys_stackheap_outer.o
         2          0          0          0          0         68   use_no_semi.o
         2          0          0          0          0         68   use_no_semi_2.o

    ----------------------------------------------------------------------
       600         12          0          0         96        512   Library Totals
         4          0          0          0          0          0   (incl. Padding)

    ----------------------------------------------------------------------

      Code (inc. data)   RO Data    RW Data    ZI Data      Debug   Library Name

       596         12          0          0         96        512   c_p.l

    ----------------------------------------------------------------------
       600         12          0          0         96        512   Library Totals

    ----------------------------------------------------------------------

==============================================================================


      Code (inc. data)   RO Data    RW Data    ZI Data      Debug   

      6612        518        344         52       2776     118535   Grand Totals
      6612        518        344         52       2776     118535   ELF Image Totals
      6612        518        344         52          0          0   ROM Totals

==============================================================================

    Total RO  Size (Code + RO Data)                 6956 (   6.79kB)
    Total RW  Size (RW Data + ZI Data)              2828 (   2.76kB)
    Total ROM Size (Code + RO Data + RW Data)       7008 (   6.84kB)

==============================================================================

