Component: ARM Compiler 5.06 update 3 (build 300) Tool: armlink [4d35c9]

==============================================================================

Small function inlining results

Inlined function __aeabi_idiv0 from aeabi_idiv0.o at offset 0x154 in aeabi_sdiv.o(.text).
Inlined Instruction: BX       lr
Inlined function __aeabi_idiv0 from aeabi_idiv0.o at offset 0x154 in aeabi_sdiv_div0.o(.text).
Inlined Instruction: BX       lr
Inlined function _platform_pre_stackheap_init from boardinit1.o at offset 0x0 in __rtentry2.o(.ARM.Collect$$rtentry$$00000001).
Inlined Instruction: BX       lr
Inlined function _fp_init from fpinit.o at offset 0x0 in libinit2.o(.ARM.Collect$$libinit$$00000001).
Inlined Instruction: BX       lr
Inlined function _platform_pre_lib_shutdown from boardshut.o at offset 0x0 in rtexit2.o(.ARM.Collect$$rtexit$$00000001).
Inlined Instruction: BX       lr
Inlined function __ARM_get_argv from no_argv.o at offset 0x2 in argv_veneer.o(.text).
Inlined Instruction: BX       lr
Inlined total of 6 calls.

==============================================================================

Image Symbol Table

    Local Symbols

    Symbol Name                              Value     Ov Type        Size  Object(Section)

    vectors                                  0x00000000   Section      192  boot_isd93xx.o(vectors)
    ../clib/angel/boardlib.s                 0x00000000   Number         0  boardinit2.o ABSOLUTE
    ../clib/angel/boardlib.s                 0x00000000   Number         0  boardinit1.o ABSOLUTE
    ../clib/angel/boardlib.s                 0x00000000   Number         0  boardinit3.o ABSOLUTE
    ../clib/angel/boardlib.s                 0x00000000   Number         0  boardshut.o ABSOLUTE
    ../clib/angel/handlers.s                 0x00000000   Number         0  __scatter_zi.o ABSOLUTE
    ../clib/angel/handlers.s                 0x00000000   Number         0  __scatter_copy.o ABSOLUTE
    ../clib/angel/kernel.s                   0x00000000   Number         0  rtexit.o ABSOLUTE
    ../clib/angel/kernel.s                   0x00000000   Number         0  __rtentry4.o ABSOLUTE
    ../clib/angel/kernel.s                   0x00000000   Number         0  rtexit2.o ABSOLUTE
    ../clib/angel/kernel.s                   0x00000000   Number         0  __rtentry2.o ABSOLUTE
    ../clib/angel/kernel.s                   0x00000000   Number         0  __rtentry.o ABSOLUTE
    ../clib/angel/rt.s                       0x00000000   Number         0  rt_raise.o ABSOLUTE
    ../clib/angel/rt.s                       0x00000000   Number         0  rt_div0.o ABSOLUTE
    ../clib/angel/rt.s                       0x00000000   Number         0  aeabi_idiv0_sigfpe.o ABSOLUTE
    ../clib/angel/rt.s                       0x00000000   Number         0  aeabi_idiv0.o ABSOLUTE
    ../clib/angel/scatterp.s                 0x00000000   Number         0  __scatter.o ABSOLUTE
    ../clib/angel/startup.s                  0x00000000   Number         0  __main.o ABSOLUTE
    ../clib/angel/sys.s                      0x00000000   Number         0  libspace.o ABSOLUTE
    ../clib/angel/sys.s                      0x00000000   Number         0  use_no_semi_2.o ABSOLUTE
    ../clib/angel/sys.s                      0x00000000   Number         0  use_no_semi.o ABSOLUTE
    ../clib/angel/sys.s                      0x00000000   Number         0  tempstk.o ABSOLUTE
    ../clib/angel/sys.s                      0x00000000   Number         0  sys_stackheap_outer.o ABSOLUTE
    ../clib/angel/sys.s                      0x00000000   Number         0  indicate_semi.o ABSOLUTE
    ../clib/angel/sysapp.c                   0x00000000   Number         0  sys_command.o ABSOLUTE
    ../clib/armsys.c                         0x00000000   Number         0  _get_argv_nomalloc.o ABSOLUTE
    ../clib/armsys.c                         0x00000000   Number         0  argv_veneer.o ABSOLUTE
    ../clib/armsys.c                         0x00000000   Number         0  no_argv.o ABSOLUTE
    ../clib/division.s                       0x00000000   Number         0  aeabi_sdiv_div0.o ABSOLUTE
    ../clib/division.s                       0x00000000   Number         0  aeabi_sdiv.o ABSOLUTE
    ../clib/heapalloc.c                      0x00000000   Number         0  hrguard.o ABSOLUTE
    ../clib/libinit.s                        0x00000000   Number         0  libinit.o ABSOLUTE
    ../clib/libinit.s                        0x00000000   Number         0  libinit2.o ABSOLUTE
    ../clib/libinit.s                        0x00000000   Number         0  libshutdown2.o ABSOLUTE
    ../clib/libinit.s                        0x00000000   Number         0  libshutdown.o ABSOLUTE
    ../clib/misc.s                           0x00000000   Number         0  printf_stubs.o ABSOLUTE
    ../clib/signal.c                         0x00000000   Number         0  defsig_fpe_inner.o ABSOLUTE
    ../clib/signal.c                         0x00000000   Number         0  defsig_fpe_formal.o ABSOLUTE
    ../clib/signal.c                         0x00000000   Number         0  defsig_fpe_outer.o ABSOLUTE
    ../clib/signal.c                         0x00000000   Number         0  defsig_cppl_inner.o ABSOLUTE
    ../clib/signal.c                         0x00000000   Number         0  defsig_other.o ABSOLUTE
    ../clib/signal.c                         0x00000000   Number         0  defsig_segv_inner.o ABSOLUTE
    ../clib/signal.c                         0x00000000   Number         0  defsig_rtmem_outer.o ABSOLUTE
    ../clib/signal.c                         0x00000000   Number         0  defsig_pvfn_inner.o ABSOLUTE
    ../clib/signal.c                         0x00000000   Number         0  defsig_stak_inner.o ABSOLUTE
    ../clib/signal.c                         0x00000000   Number         0  defsig_rtmem_formal.o ABSOLUTE
    ../clib/signal.c                         0x00000000   Number         0  defsig_rtmem_inner.o ABSOLUTE
    ../clib/signal.c                         0x00000000   Number         0  defsig_rtred_inner.o ABSOLUTE
    ../clib/signal.c                         0x00000000   Number         0  defsig_abrt_inner.o ABSOLUTE
    ../clib/signal.c                         0x00000000   Number         0  defsig_general.o ABSOLUTE
    ../clib/signal.c                         0x00000000   Number         0  __raise.o ABSOLUTE
    ../clib/signal.c                         0x00000000   Number         0  defsig_exit.o ABSOLUTE
    ../clib/signal.s                         0x00000000   Number         0  defsig.o ABSOLUTE
    ../clib/stdlib.c                         0x00000000   Number         0  exit.o ABSOLUTE
    ../fplib/cfplib/fpinit.c                 0x00000000   Number         0  fpinit.o ABSOLUTE
    ..\..\..\..\CMSIS\CM0\CoreSupport\core_cm0.c 0x00000000   Number         0  core_cm0.o ABSOLUTE
    ..\..\..\..\CMSIS\CM0\DeviceSupport\Nuvoton\ISD93xx\boot_ISD93xx.c 0x00000000   Number         0  boot_isd93xx.o ABSOLUTE
    ..\..\..\..\CMSIS\CM0\DeviceSupport\Nuvoton\ISD93xx\system_ISD93xx.c 0x00000000   Number         0  system_isd93xx.o ABSOLUTE
    ..\..\..\Src\Driver\DrvADC.c             0x00000000   Number         0  drvadc.o ABSOLUTE
    ..\..\..\Src\Driver\DrvDPWM.c            0x00000000   Number         0  drvdpwm.o ABSOLUTE
    ..\..\..\Src\Driver\DrvFMC.c             0x00000000   Number         0  drvfmc.o ABSOLUTE
    ..\..\..\Src\Driver\DrvGPIO.c            0x00000000   Number         0  drvgpio.o ABSOLUTE
    ..\..\..\Src\Driver\DrvPDMA.c            0x00000000   Number         0  drvpdma.o ABSOLUTE
    ..\..\..\Src\Driver\DrvSYS.c             0x00000000   Number         0  drvsys.o ABSOLUTE
    ..\..\..\Src\Driver\DrvUART.c            0x00000000   Number         0  drvuart.o ABSOLUTE
    ..\..\..\Src\Driver\retarget.c           0x00000000   Number         0  retarget.o ABSOLUTE
    ..\\..\\..\\..\\CMSIS\\CM0\\DeviceSupport\\Nuvoton\\ISD93xx\\boot_ISD93xx.c 0x00000000   Number         0  boot_isd93xx.o ABSOLUTE
    ..\\..\\..\\..\\CMSIS\\CM0\\DeviceSupport\\Nuvoton\\ISD93xx\\system_ISD93xx.c 0x00000000   Number         0  system_isd93xx.o ABSOLUTE
    ..\\..\\..\\Src\\Driver\\DrvADC.c        0x00000000   Number         0  drvadc.o ABSOLUTE
    ..\\..\\..\\Src\\Driver\\DrvDPWM.c       0x00000000   Number         0  drvdpwm.o ABSOLUTE
    ..\\..\\..\\Src\\Driver\\DrvFMC.c        0x00000000   Number         0  drvfmc.o ABSOLUTE
    ..\\..\\..\\Src\\Driver\\DrvGPIO.c       0x00000000   Number         0  drvgpio.o ABSOLUTE
    ..\\..\\..\\Src\\Driver\\DrvPDMA.c       0x00000000   Number         0  drvpdma.o ABSOLUTE
    ..\\..\\..\\Src\\Driver\\DrvSYS.c        0x00000000   Number         0  drvsys.o ABSOLUTE
    ..\\..\\..\\Src\\Driver\\DrvUART.c       0x00000000   Number         0  drvuart.o ABSOLUTE
    ..\\..\\..\\Src\\Driver\\retarget.c      0x00000000   Number         0  retarget.o ABSOLUTE
    MIC_SPK.c                                0x00000000   Number         0  mic_spk.o ABSOLUTE
    MIC_SPK.c                                0x00000000   Number         0  mic_spk.o ABSOLUTE
    PlayPCM.c                                0x00000000   Number         0  playpcm.o ABSOLUTE
    PlayPCM.c                                0x00000000   Number         0  playpcm.o ABSOLUTE
    RecordPCM.c                              0x00000000   Number         0  recordpcm.o ABSOLUTE
    RecordPCM.c                              0x00000000   Number         0  recordpcm.o ABSOLUTE
    !!!main                                  0x000000c0   Section        8  __main.o(!!!main)
    !!!scatter                               0x000000c8   Section       60  __scatter.o(!!!scatter)
    !!handler_copy                           0x00000104   Section       26  __scatter_copy.o(!!handler_copy)
    !!handler_zi                             0x00000120   Section       28  __scatter_zi.o(!!handler_zi)
    .ARM.Collect$$libinit$$00000000          0x0000013c   Section        2  libinit.o(.ARM.Collect$$libinit$$00000000)
    .ARM.Collect$$libinit$$00000002          0x0000013e   Section        0  libinit2.o(.ARM.Collect$$libinit$$00000002)
    .ARM.Collect$$libinit$$00000004          0x0000013e   Section        0  libinit2.o(.ARM.Collect$$libinit$$00000004)
    .ARM.Collect$$libinit$$0000000A          0x0000013e   Section        0  libinit2.o(.ARM.Collect$$libinit$$0000000A)
    .ARM.Collect$$libinit$$0000000C          0x0000013e   Section        0  libinit2.o(.ARM.Collect$$libinit$$0000000C)
    .ARM.Collect$$libinit$$0000000E          0x0000013e   Section        0  libinit2.o(.ARM.Collect$$libinit$$0000000E)
    .ARM.Collect$$libinit$$00000011          0x0000013e   Section        0  libinit2.o(.ARM.Collect$$libinit$$00000011)
    .ARM.Collect$$libinit$$00000013          0x0000013e   Section        0  libinit2.o(.ARM.Collect$$libinit$$00000013)
    .ARM.Collect$$libinit$$00000015          0x0000013e   Section        0  libinit2.o(.ARM.Collect$$libinit$$00000015)
    .ARM.Collect$$libinit$$00000017          0x0000013e   Section        0  libinit2.o(.ARM.Collect$$libinit$$00000017)
    .ARM.Collect$$libinit$$00000019          0x0000013e   Section        0  libinit2.o(.ARM.Collect$$libinit$$00000019)
    .ARM.Collect$$libinit$$0000001B          0x0000013e   Section        0  libinit2.o(.ARM.Collect$$libinit$$0000001B)
    .ARM.Collect$$libinit$$0000001D          0x0000013e   Section        0  libinit2.o(.ARM.Collect$$libinit$$0000001D)
    .ARM.Collect$$libinit$$0000001F          0x0000013e   Section        0  libinit2.o(.ARM.Collect$$libinit$$0000001F)
    .ARM.Collect$$libinit$$00000021          0x0000013e   Section        0  libinit2.o(.ARM.Collect$$libinit$$00000021)
    .ARM.Collect$$libinit$$00000023          0x0000013e   Section        0  libinit2.o(.ARM.Collect$$libinit$$00000023)
    .ARM.Collect$$libinit$$00000025          0x0000013e   Section        0  libinit2.o(.ARM.Collect$$libinit$$00000025)
    .ARM.Collect$$libinit$$0000002C          0x0000013e   Section        0  libinit2.o(.ARM.Collect$$libinit$$0000002C)
    .ARM.Collect$$libinit$$0000002E          0x0000013e   Section        0  libinit2.o(.ARM.Collect$$libinit$$0000002E)
    .ARM.Collect$$libinit$$00000030          0x0000013e   Section        0  libinit2.o(.ARM.Collect$$libinit$$00000030)
    .ARM.Collect$$libinit$$00000032          0x0000013e   Section        0  libinit2.o(.ARM.Collect$$libinit$$00000032)
    .ARM.Collect$$libinit$$00000033          0x0000013e   Section        2  libinit2.o(.ARM.Collect$$libinit$$00000033)
    .ARM.Collect$$libshutdown$$00000000      0x00000140   Section        2  libshutdown.o(.ARM.Collect$$libshutdown$$00000000)
    .ARM.Collect$$libshutdown$$00000002      0x00000142   Section        0  libshutdown2.o(.ARM.Collect$$libshutdown$$00000002)
    .ARM.Collect$$libshutdown$$00000004      0x00000142   Section        0  libshutdown2.o(.ARM.Collect$$libshutdown$$00000004)
    .ARM.Collect$$libshutdown$$00000007      0x00000142   Section        0  libshutdown2.o(.ARM.Collect$$libshutdown$$00000007)
    .ARM.Collect$$libshutdown$$0000000A      0x00000142   Section        0  libshutdown2.o(.ARM.Collect$$libshutdown$$0000000A)
    .ARM.Collect$$libshutdown$$0000000C      0x00000142   Section        0  libshutdown2.o(.ARM.Collect$$libshutdown$$0000000C)
    .ARM.Collect$$libshutdown$$0000000F      0x00000142   Section        0  libshutdown2.o(.ARM.Collect$$libshutdown$$0000000F)
    .ARM.Collect$$libshutdown$$00000010      0x00000142   Section        2  libshutdown2.o(.ARM.Collect$$libshutdown$$00000010)
    .ARM.Collect$$rtentry$$00000000          0x00000144   Section        0  __rtentry.o(.ARM.Collect$$rtentry$$00000000)
    .ARM.Collect$$rtentry$$00000002          0x00000144   Section        0  __rtentry2.o(.ARM.Collect$$rtentry$$00000002)
    .ARM.Collect$$rtentry$$00000004          0x00000144   Section        6  __rtentry4.o(.ARM.Collect$$rtentry$$00000004)
    .ARM.Collect$$rtentry$$00000009          0x0000014a   Section        0  __rtentry2.o(.ARM.Collect$$rtentry$$00000009)
    .ARM.Collect$$rtentry$$0000000A          0x0000014a   Section        4  __rtentry2.o(.ARM.Collect$$rtentry$$0000000A)
    .ARM.Collect$$rtentry$$0000000C          0x0000014e   Section        0  __rtentry2.o(.ARM.Collect$$rtentry$$0000000C)
    .ARM.Collect$$rtentry$$0000000D          0x0000014e   Section        8  __rtentry2.o(.ARM.Collect$$rtentry$$0000000D)
    .ARM.Collect$$rtexit$$00000000           0x00000156   Section        2  rtexit.o(.ARM.Collect$$rtexit$$00000000)
    .ARM.Collect$$rtexit$$00000002           0x00000158   Section        0  rtexit2.o(.ARM.Collect$$rtexit$$00000002)
    .ARM.Collect$$rtexit$$00000003           0x00000158   Section        4  rtexit2.o(.ARM.Collect$$rtexit$$00000003)
    .ARM.Collect$$rtexit$$00000004           0x0000015c   Section        6  rtexit2.o(.ARM.Collect$$rtexit$$00000004)
    .text                                    0x00000162   Section        2  use_no_semi_2.o(.text)
    .text                                    0x00000164   Section      346  aeabi_sdiv.o(.text)
    .text                                    0x000002be   Section        2  use_no_semi.o(.text)
    .text                                    0x000002c0   Section       62  sys_stackheap_outer.o(.text)
    .text                                    0x000002fe   Section        0  exit.o(.text)
    .text                                    0x00000310   Section        8  libspace.o(.text)
    i.ACMP_IRQHandler                        0x00000318   Section        0  boot_isd93xx.o(i.ACMP_IRQHandler)
    i.ADC_IRQHandler                         0x0000031c   Section        0  drvadc.o(i.ADC_IRQHandler)
    i.ALC_IRQHandler                         0x000003b0   Section        0  boot_isd93xx.o(i.ALC_IRQHandler)
    i.BOD_IRQHandler                         0x000003b4   Section        0  boot_isd93xx.o(i.BOD_IRQHandler)
    i.CAPS_IRQHandler                        0x000003b8   Section        0  boot_isd93xx.o(i.CAPS_IRQHandler)
    i.DPWM_IRQHandler                        0x000003bc   Section        0  boot_isd93xx.o(i.DPWM_IRQHandler)
    i.Default_IRQHandler                     0x000003c0   Section        0  boot_isd93xx.o(i.Default_IRQHandler)
    i.DrvADC_AnaOpen                         0x000003c4   Section        0  drvadc.o(i.DrvADC_AnaOpen)
    i.DrvADC_Open                            0x00000420   Section        0  drvadc.o(i.DrvADC_Open)
    i.DrvADC_PGAMute                         0x000004f4   Section        0  drvadc.o(i.DrvADC_PGAMute)
    i.DrvADC_PGAUnMute                       0x00000520   Section        0  drvadc.o(i.DrvADC_PGAUnMute)
    i.DrvADC_PdmaEnable                      0x00000548   Section        0  drvadc.o(i.DrvADC_PdmaEnable)
    i.DrvADC_SetAMUX                         0x00000568   Section        0  drvadc.o(i.DrvADC_SetAMUX)
    i.DrvADC_SetAdcChannel                   0x000006ac   Section        0  drvadc.o(i.DrvADC_SetAdcChannel)
    i.DrvADC_SetMIC                          0x000008c4   Section        0  drvadc.o(i.DrvADC_SetMIC)
    i.DrvADC_SetPGA                          0x000008e0   Section        0  drvadc.o(i.DrvADC_SetPGA)
    i.DrvADC_SetPGAGaindB                    0x00000938   Section        0  drvadc.o(i.DrvADC_SetPGAGaindB)
    i.DrvADC_SetPower                        0x00000988   Section        0  drvadc.o(i.DrvADC_SetPower)
    i.DrvADC_SetVMID                         0x000009f4   Section        0  drvadc.o(i.DrvADC_SetVMID)
    i.DrvADC_StartConvert                    0x00000a38   Section        0  drvadc.o(i.DrvADC_StartConvert)
    i.DrvDPWM_Enable                         0x00000a44   Section        0  drvdpwm.o(i.DrvDPWM_Enable)
    i.DrvDPWM_EnablePDMA                     0x00000a58   Section        0  drvdpwm.o(i.DrvDPWM_EnablePDMA)
    i.DrvDPWM_Open                           0x00000a6c   Section        0  drvdpwm.o(i.DrvDPWM_Open)
    i.DrvDPWM_SetDPWMClk                     0x00000aa4   Section        0  drvdpwm.o(i.DrvDPWM_SetDPWMClk)
    i.DrvDPWM_SetSampleRate                  0x00000ac0   Section        0  drvdpwm.o(i.DrvDPWM_SetSampleRate)
    i.DrvPDMA_CHEnablelTransfer              0x00000af0   Section        0  drvpdma.o(i.DrvPDMA_CHEnablelTransfer)
    i.DrvPDMA_CHSoftwareReset                0x00000b30   Section        0  drvpdma.o(i.DrvPDMA_CHSoftwareReset)
    i.DrvPDMA_EnableInt                      0x00000b5c   Section        0  drvpdma.o(i.DrvPDMA_EnableInt)
    i.DrvPDMA_Init                           0x00000b90   Section        0  drvpdma.o(i.DrvPDMA_Init)
    i.DrvPDMA_InstallCallBack                0x00000bbc   Section        0  drvpdma.o(i.DrvPDMA_InstallCallBack)
    i.DrvPDMA_Open                           0x00000bec   Section        0  drvpdma.o(i.DrvPDMA_Open)
    i.DrvPDMA_SetCHForAPBDevice              0x00000d00   Section        0  drvpdma.o(i.DrvPDMA_SetCHForAPBDevice)
    i.DrvSYS_GetHCLK                         0x00000ee8   Section        0  drvsys.o(i.DrvSYS_GetHCLK)
    i.EINT0_IRQHandler                       0x00000f6c   Section        0  drvgpio.o(i.EINT0_IRQHandler)
    i.EINT1_IRQHandler                       0x00000f8c   Section        0  drvgpio.o(i.EINT1_IRQHandler)
    i.GPAB_IRQHandler                        0x00000fac   Section        0  drvgpio.o(i.GPAB_IRQHandler)
    i.GPIO_IRQHandler                        0x00000fe0   Section        0  boot_isd93xx.o(i.GPIO_IRQHandler)
    i.HardFault_Handler                      0x00000fe4   Section        0  boot_isd93xx.o(i.HardFault_Handler)
    i.I2C0_IRQHandler                        0x00000fe8   Section        0  boot_isd93xx.o(i.I2C0_IRQHandler)
    i.I2S_IRQHandler                         0x00000fec   Section        0  boot_isd93xx.o(i.I2S_IRQHandler)
    i.InitialADC                             0x00000ff0   Section        0  recordpcm.o(i.InitialADC)
    i.InitialDPWM                            0x00001108   Section        0  playpcm.o(i.InitialDPWM)
    i.NMI_Handler                            0x00001122   Section        0  boot_isd93xx.o(i.NMI_Handler)
    i.NVIC_EnableIRQ                         0x00001128   Section        0  drvpdma.o(i.NVIC_EnableIRQ)
    NVIC_EnableIRQ                           0x00001129   Thumb Code    14  drvpdma.o(i.NVIC_EnableIRQ)
    i.PDMA0_Callback                         0x0000113c   Section        0  recordpcm.o(i.PDMA0_Callback)
    i.PDMA0forMIC                            0x00001178   Section        0  recordpcm.o(i.PDMA0forMIC)
    i.PDMA1_Callback                         0x000011dc   Section        0  playpcm.o(i.PDMA1_Callback)
    i.PDMA1forDPWM                           0x000011ec   Section        0  playpcm.o(i.PDMA1forDPWM)
    i.PDMA_IRQHandler                        0x0000125c   Section        0  drvpdma.o(i.PDMA_IRQHandler)
    i.PWMA_IRQHandler                        0x00001404   Section        0  boot_isd93xx.o(i.PWMA_IRQHandler)
    i.PendSV_Handler                         0x00001408   Section        0  boot_isd93xx.o(i.PendSV_Handler)
    i.PlayStart                              0x0000140c   Section        0  playpcm.o(i.PlayStart)
    i.RTC_IRQHandler                         0x0000141c   Section        0  boot_isd93xx.o(i.RTC_IRQHandler)
    i.RecordStart                            0x00001420   Section        0  recordpcm.o(i.RecordStart)
    i.Reset_Handler                          0x00001468   Section        0  boot_isd93xx.o(i.Reset_Handler)
    i.SPI0_IRQHandler                        0x0000149c   Section        0  boot_isd93xx.o(i.SPI0_IRQHandler)
    i.SVC_Handler                            0x000014a0   Section        0  boot_isd93xx.o(i.SVC_Handler)
    i.SysTick_Handler                        0x000014a4   Section        0  boot_isd93xx.o(i.SysTick_Handler)
    i.TALARM_IRQHandler                      0x000014a8   Section        0  boot_isd93xx.o(i.TALARM_IRQHandler)
    i.TMR0_IRQHandler                        0x000014ac   Section        0  boot_isd93xx.o(i.TMR0_IRQHandler)
    i.TMR1_IRQHandler                        0x000014b0   Section        0  boot_isd93xx.o(i.TMR1_IRQHandler)
    i.UART02_IRQHandler                      0x000014b4   Section        0  drvuart.o(i.UART02_IRQHandler)
    i.WDT_IRQHandler                         0x000014d4   Section        0  boot_isd93xx.o(i.WDT_IRQHandler)
    i.__ARM_common_switch8                   0x000014d8   Section        0  drvsys.o(i.__ARM_common_switch8)
    i.__user_initial_stackheap               0x000014f4   Section        0  boot_isd93xx.o(i.__user_initial_stackheap)
    i._sys_exit                              0x00001512   Section        0  boot_isd93xx.o(i._sys_exit)
    i.main                                   0x00001518   Section        0  mic_spk.o(i.main)
    .data                                    0x20000000   Section        4  playpcm.o(.data)
    .data                                    0x20000004   Section       20  recordpcm.o(.data)
    .data                                    0x20000018   Section        4  drvuart.o(.data)
    g_pfnUART0callback                       0x20000018   Data           4  drvuart.o(.data)
    .data                                    0x2000001c   Section       12  drvgpio.o(.data)
    _pfGPABCallback                          0x2000001c   Data           4  drvgpio.o(.data)
    _pfEINT0Callback                         0x20000020   Data           4  drvgpio.o(.data)
    _pfEINT1Callback                         0x20000024   Data           4  drvgpio.o(.data)
    .bss                                     0x20000028   Section     1280  recordpcm.o(.bss)
    .bss                                     0x20000528   Section       28  drvadc.o(.bss)
    .bss                                     0x20000544   Section       60  drvpdma.o(.bss)
    g_pfnPDMACallback                        0x20000544   Data          60  drvpdma.o(.bss)
    .bss                                     0x20000580   Section       96  libspace.o(.bss)

    Global Symbols

    Symbol Name                              Value     Ov Type        Size  Object(Section)

    BuildAttributes$$THM_ISAv3M$S$PE$A:L22$X:L11$S22$IEEE1$IW$USESV6$~STKCKD$USESV7$~SHL$OSPACE$ROPI$EBA8$UX$STANDARDLIB$REQ8$PRES8$EABIv2 0x00000000   Number         0  anon$$obj.o ABSOLUTE
    __ARM_use_no_argv                        0x00000000   Number         0  mic_spk.o ABSOLUTE
    __Vectors                                0x00000000   Data         192  boot_isd93xx.o(vectors)
    _printf_flags                            0x00000000   Number         0  printf_stubs.o ABSOLUTE
    _printf_return_value                     0x00000000   Number         0  printf_stubs.o ABSOLUTE
    _printf_sizespec                         0x00000000   Number         0  printf_stubs.o ABSOLUTE
    _printf_widthprec                        0x00000000   Number         0  printf_stubs.o ABSOLUTE
    __ARM_exceptions_init                     - Undefined Weak Reference
    __alloca_initialize                       - Undefined Weak Reference
    __arm_preinit_                            - Undefined Weak Reference
    __cpp_initialize__aeabi_                  - Undefined Weak Reference
    __cxa_finalize                            - Undefined Weak Reference
    __rt_locale                               - Undefined Weak Reference
    __sigvec_lookup                           - Undefined Weak Reference
    _atexit_init                              - Undefined Weak Reference
    _call_atexit_fns                          - Undefined Weak Reference
    _clock_init                               - Undefined Weak Reference
    _fp_trap_init                             - Undefined Weak Reference
    _fp_trap_shutdown                         - Undefined Weak Reference
    _get_lc_collate                           - Undefined Weak Reference
    _get_lc_ctype                             - Undefined Weak Reference
    _get_lc_monetary                          - Undefined Weak Reference
    _get_lc_numeric                           - Undefined Weak Reference
    _get_lc_time                              - Undefined Weak Reference
    _getenv_init                              - Undefined Weak Reference
    _handle_redirection                       - Undefined Weak Reference
    _init_alloc                               - Undefined Weak Reference
    _init_user_alloc                          - Undefined Weak Reference
    _initio                                   - Undefined Weak Reference
    _rand_init                                - Undefined Weak Reference
    _signal_finish                            - Undefined Weak Reference
    _signal_init                              - Undefined Weak Reference
    _terminate_alloc                          - Undefined Weak Reference
    _terminate_user_alloc                     - Undefined Weak Reference
    _terminateio                              - Undefined Weak Reference
    __main                                   0x000000c1   Thumb Code     8  __main.o(!!!main)
    __scatterload                            0x000000c9   Thumb Code     0  __scatter.o(!!!scatter)
    __scatterload_rt2                        0x000000c9   Thumb Code    52  __scatter.o(!!!scatter)
    __scatterload_rt2_thumb_only             0x000000c9   Thumb Code     0  __scatter.o(!!!scatter)
    __scatterload_null                       0x000000d9   Thumb Code     0  __scatter.o(!!!scatter)
    __scatterload_copy                       0x00000105   Thumb Code    26  __scatter_copy.o(!!handler_copy)
    __scatterload_zeroinit                   0x00000121   Thumb Code    28  __scatter_zi.o(!!handler_zi)
    __rt_lib_init                            0x0000013d   Thumb Code     0  libinit.o(.ARM.Collect$$libinit$$00000000)
    __rt_lib_init_alloca_1                   0x0000013f   Thumb Code     0  libinit2.o(.ARM.Collect$$libinit$$0000002E)
    __rt_lib_init_argv_1                     0x0000013f   Thumb Code     0  libinit2.o(.ARM.Collect$$libinit$$0000002C)
    __rt_lib_init_atexit_1                   0x0000013f   Thumb Code     0  libinit2.o(.ARM.Collect$$libinit$$0000001B)
    __rt_lib_init_clock_1                    0x0000013f   Thumb Code     0  libinit2.o(.ARM.Collect$$libinit$$00000021)
    __rt_lib_init_cpp_1                      0x0000013f   Thumb Code     0  libinit2.o(.ARM.Collect$$libinit$$00000032)
    __rt_lib_init_exceptions_1               0x0000013f   Thumb Code     0  libinit2.o(.ARM.Collect$$libinit$$00000030)
    __rt_lib_init_fp_1                       0x0000013f   Thumb Code     0  libinit2.o(.ARM.Collect$$libinit$$00000002)
    __rt_lib_init_fp_trap_1                  0x0000013f   Thumb Code     0  libinit2.o(.ARM.Collect$$libinit$$0000001F)
    __rt_lib_init_getenv_1                   0x0000013f   Thumb Code     0  libinit2.o(.ARM.Collect$$libinit$$00000023)
    __rt_lib_init_heap_1                     0x0000013f   Thumb Code     0  libinit2.o(.ARM.Collect$$libinit$$0000000A)
    __rt_lib_init_lc_collate_1               0x0000013f   Thumb Code     0  libinit2.o(.ARM.Collect$$libinit$$00000011)
    __rt_lib_init_lc_ctype_1                 0x0000013f   Thumb Code     0  libinit2.o(.ARM.Collect$$libinit$$00000013)
    __rt_lib_init_lc_monetary_1              0x0000013f   Thumb Code     0  libinit2.o(.ARM.Collect$$libinit$$00000015)
    __rt_lib_init_lc_numeric_1               0x0000013f   Thumb Code     0  libinit2.o(.ARM.Collect$$libinit$$00000017)
    __rt_lib_init_lc_time_1                  0x0000013f   Thumb Code     0  libinit2.o(.ARM.Collect$$libinit$$00000019)
    __rt_lib_init_preinit_1                  0x0000013f   Thumb Code     0  libinit2.o(.ARM.Collect$$libinit$$00000004)
    __rt_lib_init_rand_1                     0x0000013f   Thumb Code     0  libinit2.o(.ARM.Collect$$libinit$$0000000E)
    __rt_lib_init_return                     0x0000013f   Thumb Code     0  libinit2.o(.ARM.Collect$$libinit$$00000033)
    __rt_lib_init_signal_1                   0x0000013f   Thumb Code     0  libinit2.o(.ARM.Collect$$libinit$$0000001D)
    __rt_lib_init_stdio_1                    0x0000013f   Thumb Code     0  libinit2.o(.ARM.Collect$$libinit$$00000025)
    __rt_lib_init_user_alloc_1               0x0000013f   Thumb Code     0  libinit2.o(.ARM.Collect$$libinit$$0000000C)
    __rt_lib_shutdown                        0x00000141   Thumb Code     0  libshutdown.o(.ARM.Collect$$libshutdown$$00000000)
    __rt_lib_shutdown_cpp_1                  0x00000143   Thumb Code     0  libshutdown2.o(.ARM.Collect$$libshutdown$$00000002)
    __rt_lib_shutdown_fp_trap_1              0x00000143   Thumb Code     0  libshutdown2.o(.ARM.Collect$$libshutdown$$00000007)
    __rt_lib_shutdown_heap_1                 0x00000143   Thumb Code     0  libshutdown2.o(.ARM.Collect$$libshutdown$$0000000F)
    __rt_lib_shutdown_return                 0x00000143   Thumb Code     0  libshutdown2.o(.ARM.Collect$$libshutdown$$00000010)
    __rt_lib_shutdown_signal_1               0x00000143   Thumb Code     0  libshutdown2.o(.ARM.Collect$$libshutdown$$0000000A)
    __rt_lib_shutdown_stdio_1                0x00000143   Thumb Code     0  libshutdown2.o(.ARM.Collect$$libshutdown$$00000004)
    __rt_lib_shutdown_user_alloc_1           0x00000143   Thumb Code     0  libshutdown2.o(.ARM.Collect$$libshutdown$$0000000C)
    __rt_entry                               0x00000145   Thumb Code     0  __rtentry.o(.ARM.Collect$$rtentry$$00000000)
    __rt_entry_presh_1                       0x00000145   Thumb Code     0  __rtentry2.o(.ARM.Collect$$rtentry$$00000002)
    __rt_entry_sh                            0x00000145   Thumb Code     0  __rtentry4.o(.ARM.Collect$$rtentry$$00000004)
    __rt_entry_li                            0x0000014b   Thumb Code     0  __rtentry2.o(.ARM.Collect$$rtentry$$0000000A)
    __rt_entry_postsh_1                      0x0000014b   Thumb Code     0  __rtentry2.o(.ARM.Collect$$rtentry$$00000009)
    __rt_entry_main                          0x0000014f   Thumb Code     0  __rtentry2.o(.ARM.Collect$$rtentry$$0000000D)
    __rt_entry_postli_1                      0x0000014f   Thumb Code     0  __rtentry2.o(.ARM.Collect$$rtentry$$0000000C)
    __rt_exit                                0x00000157   Thumb Code     0  rtexit.o(.ARM.Collect$$rtexit$$00000000)
    __rt_exit_ls                             0x00000159   Thumb Code     0  rtexit2.o(.ARM.Collect$$rtexit$$00000003)
    __rt_exit_prels_1                        0x00000159   Thumb Code     0  rtexit2.o(.ARM.Collect$$rtexit$$00000002)
    __rt_exit_exit                           0x0000015d   Thumb Code     0  rtexit2.o(.ARM.Collect$$rtexit$$00000004)
    __use_no_semihosting                     0x00000163   Thumb Code     2  use_no_semi_2.o(.text)
    __aeabi_uidiv                            0x00000165   Thumb Code     0  aeabi_sdiv.o(.text)
    __aeabi_uidivmod                         0x00000165   Thumb Code    20  aeabi_sdiv.o(.text)
    __aeabi_idiv                             0x00000179   Thumb Code     0  aeabi_sdiv.o(.text)
    __aeabi_idivmod                          0x00000179   Thumb Code   326  aeabi_sdiv.o(.text)
    __I$use$semihosting                      0x000002bf   Thumb Code     0  use_no_semi.o(.text)
    __use_no_semihosting_swi                 0x000002bf   Thumb Code     2  use_no_semi.o(.text)
    __user_setup_stackheap                   0x000002c1   Thumb Code    62  sys_stackheap_outer.o(.text)
    exit                                     0x000002ff   Thumb Code    16  exit.o(.text)
    __user_libspace                          0x00000311   Thumb Code     8  libspace.o(.text)
    __user_perproc_libspace                  0x00000311   Thumb Code     0  libspace.o(.text)
    __user_perthread_libspace                0x00000311   Thumb Code     0  libspace.o(.text)
    ACMP_IRQHandler                          0x00000319   Thumb Code     4  boot_isd93xx.o(i.ACMP_IRQHandler)
    ADC_IRQHandler                           0x0000031d   Thumb Code   138  drvadc.o(i.ADC_IRQHandler)
    ALC_IRQHandler                           0x000003b1   Thumb Code     4  boot_isd93xx.o(i.ALC_IRQHandler)
    BOD_IRQHandler                           0x000003b5   Thumb Code     4  boot_isd93xx.o(i.BOD_IRQHandler)
    CAPS_IRQHandler                          0x000003b9   Thumb Code     4  boot_isd93xx.o(i.CAPS_IRQHandler)
    DPWM_IRQHandler                          0x000003bd   Thumb Code     4  boot_isd93xx.o(i.DPWM_IRQHandler)
    Default_IRQHandler                       0x000003c1   Thumb Code     4  boot_isd93xx.o(i.Default_IRQHandler)
    DrvADC_AnaOpen                           0x000003c5   Thumb Code    84  drvadc.o(i.DrvADC_AnaOpen)
    DrvADC_Open                              0x00000421   Thumb Code   190  drvadc.o(i.DrvADC_Open)
    DrvADC_PGAMute                           0x000004f5   Thumb Code    38  drvadc.o(i.DrvADC_PGAMute)
    DrvADC_PGAUnMute                         0x00000521   Thumb Code    34  drvadc.o(i.DrvADC_PGAUnMute)
    DrvADC_PdmaEnable                        0x00000549   Thumb Code    26  drvadc.o(i.DrvADC_PdmaEnable)
    DrvADC_SetAMUX                           0x00000569   Thumb Code   318  drvadc.o(i.DrvADC_SetAMUX)
    DrvADC_SetAdcChannel                     0x000006ad   Thumb Code   522  drvadc.o(i.DrvADC_SetAdcChannel)
    DrvADC_SetMIC                            0x000008c5   Thumb Code    24  drvadc.o(i.DrvADC_SetMIC)
    DrvADC_SetPGA                            0x000008e1   Thumb Code    82  drvadc.o(i.DrvADC_SetPGA)
    DrvADC_SetPGAGaindB                      0x00000939   Thumb Code    68  drvadc.o(i.DrvADC_SetPGAGaindB)
    DrvADC_SetPower                          0x00000989   Thumb Code   104  drvadc.o(i.DrvADC_SetPower)
    DrvADC_SetVMID                           0x000009f5   Thumb Code    62  drvadc.o(i.DrvADC_SetVMID)
    DrvADC_StartConvert                      0x00000a39   Thumb Code     8  drvadc.o(i.DrvADC_StartConvert)
    DrvDPWM_Enable                           0x00000a45   Thumb Code    16  drvdpwm.o(i.DrvDPWM_Enable)
    DrvDPWM_EnablePDMA                       0x00000a59   Thumb Code    16  drvdpwm.o(i.DrvDPWM_EnablePDMA)
    DrvDPWM_Open                             0x00000a6d   Thumb Code    52  drvdpwm.o(i.DrvDPWM_Open)
    DrvDPWM_SetDPWMClk                       0x00000aa5   Thumb Code    22  drvdpwm.o(i.DrvDPWM_SetDPWMClk)
    DrvDPWM_SetSampleRate                    0x00000ac1   Thumb Code    44  drvdpwm.o(i.DrvDPWM_SetSampleRate)
    DrvPDMA_CHEnablelTransfer                0x00000af1   Thumb Code    56  drvpdma.o(i.DrvPDMA_CHEnablelTransfer)
    DrvPDMA_CHSoftwareReset                  0x00000b31   Thumb Code    36  drvpdma.o(i.DrvPDMA_CHSoftwareReset)
    DrvPDMA_EnableInt                        0x00000b5d   Thumb Code    42  drvpdma.o(i.DrvPDMA_EnableInt)
    DrvPDMA_Init                             0x00000b91   Thumb Code    36  drvpdma.o(i.DrvPDMA_Init)
    DrvPDMA_InstallCallBack                  0x00000bbd   Thumb Code    40  drvpdma.o(i.DrvPDMA_InstallCallBack)
    DrvPDMA_Open                             0x00000bed   Thumb Code   262  drvpdma.o(i.DrvPDMA_Open)
    DrvPDMA_SetCHForAPBDevice                0x00000d01   Thumb Code   480  drvpdma.o(i.DrvPDMA_SetCHForAPBDevice)
    DrvSYS_GetHCLK                           0x00000ee9   Thumb Code   126  drvsys.o(i.DrvSYS_GetHCLK)
    EINT0_IRQHandler                         0x00000f6d   Thumb Code    24  drvgpio.o(i.EINT0_IRQHandler)
    EINT1_IRQHandler                         0x00000f8d   Thumb Code    24  drvgpio.o(i.EINT1_IRQHandler)
    GPAB_IRQHandler                          0x00000fad   Thumb Code    42  drvgpio.o(i.GPAB_IRQHandler)
    GPIO_IRQHandler                          0x00000fe1   Thumb Code     4  boot_isd93xx.o(i.GPIO_IRQHandler)
    HardFault_Handler                        0x00000fe5   Thumb Code     4  boot_isd93xx.o(i.HardFault_Handler)
    I2C0_IRQHandler                          0x00000fe9   Thumb Code     4  boot_isd93xx.o(i.I2C0_IRQHandler)
    I2S_IRQHandler                           0x00000fed   Thumb Code     4  boot_isd93xx.o(i.I2S_IRQHandler)
    InitialADC                               0x00000ff1   Thumb Code   266  recordpcm.o(i.InitialADC)
    InitialDPWM                              0x00001109   Thumb Code    26  playpcm.o(i.InitialDPWM)
    NMI_Handler                              0x00001123   Thumb Code     4  boot_isd93xx.o(i.NMI_Handler)
    PDMA0_Callback                           0x0000113d   Thumb Code    42  recordpcm.o(i.PDMA0_Callback)
    PDMA0forMIC                              0x00001179   Thumb Code    90  recordpcm.o(i.PDMA0forMIC)
    PDMA1_Callback                           0x000011dd   Thumb Code    12  playpcm.o(i.PDMA1_Callback)
    PDMA1forDPWM                             0x000011ed   Thumb Code    96  playpcm.o(i.PDMA1forDPWM)
    PDMA_IRQHandler                          0x0000125d   Thumb Code   408  drvpdma.o(i.PDMA_IRQHandler)
    PWMA_IRQHandler                          0x00001405   Thumb Code     4  boot_isd93xx.o(i.PWMA_IRQHandler)
    PendSV_Handler                           0x00001409   Thumb Code     4  boot_isd93xx.o(i.PendSV_Handler)
    PlayStart                                0x0000140d   Thumb Code    16  playpcm.o(i.PlayStart)
    RTC_IRQHandler                           0x0000141d   Thumb Code     4  boot_isd93xx.o(i.RTC_IRQHandler)
    RecordStart                              0x00001421   Thumb Code    46  recordpcm.o(i.RecordStart)
    Reset_Handler                            0x00001469   Thumb Code    46  boot_isd93xx.o(i.Reset_Handler)
    SPI0_IRQHandler                          0x0000149d   Thumb Code     4  boot_isd93xx.o(i.SPI0_IRQHandler)
    SVC_Handler                              0x000014a1   Thumb Code     4  boot_isd93xx.o(i.SVC_Handler)
    SysTick_Handler                          0x000014a5   Thumb Code     4  boot_isd93xx.o(i.SysTick_Handler)
    TALARM_IRQHandler                        0x000014a9   Thumb Code     4  boot_isd93xx.o(i.TALARM_IRQHandler)
    TMR0_IRQHandler                          0x000014ad   Thumb Code     4  boot_isd93xx.o(i.TMR0_IRQHandler)
    TMR1_IRQHandler                          0x000014b1   Thumb Code     4  boot_isd93xx.o(i.TMR1_IRQHandler)
    UART02_IRQHandler                        0x000014b5   Thumb Code    24  drvuart.o(i.UART02_IRQHandler)
    WDT_IRQHandler                           0x000014d5   Thumb Code     4  boot_isd93xx.o(i.WDT_IRQHandler)
    __ARM_common_switch8                     0x000014d9   Thumb Code    28  drvsys.o(i.__ARM_common_switch8)
    __user_initial_stackheap                 0x000014f5   Thumb Code    30  boot_isd93xx.o(i.__user_initial_stackheap)
    _sys_exit                                0x00001513   Thumb Code     4  boot_isd93xx.o(i._sys_exit)
    main                                     0x00001519   Thumb Code    86  mic_spk.o(i.main)
    Region$$Table$$Base                      0x0000157c   Number         0  anon$$obj.o(Region$$Table)
    Region$$Table$$Limit                     0x0000159c   Number         0  anon$$obj.o(Region$$Table)
    PDMA1Counter                             0x20000000   Data           4  playpcm.o(.data)
    CallBackCounter                          0x20000004   Data           4  recordpcm.o(.data)
    u32TempAddr0                             0x20000008   Data           4  recordpcm.o(.data)
    u32TempAddr1                             0x2000000c   Data           4  recordpcm.o(.data)
    BufferReadyAddr                          0x20000010   Data           4  recordpcm.o(.data)
    BufferSampleCount                        0x20000014   Data           4  recordpcm.o(.data)
    MicBuffer                                0x20000028   Data        1280  recordpcm.o(.bss)
    gsAdcTable                               0x20000528   Data          28  drvadc.o(.bss)
    __libspace_start                         0x20000580   Data          96  libspace.o(.bss)
    __temporary_stack_top$libspace           0x200005e0   Data           0  libspace.o(.bss)



==============================================================================

Memory Map of the image

  Image Entry point : 0x00001469

  Load Region LR_1 (Base: 0x00000000, Size: 0x000015c4, Max: 0xffffffff, ABSOLUTE)

    Execution Region ER_RO (Base: 0x00000000, Size: 0x0000159c, Max: 0xffffffff, ABSOLUTE)

    Base Addr    Size         Type   Attr      Idx    E Section Name        Object

    0x00000000   0x000000c0   Data   RO           43    vectors             boot_isd93xx.o
    0x000000c0   0x00000008   Code   RO         2268  * !!!main             c_p.l(__main.o)
    0x000000c8   0x0000003c   Code   RO         2433    !!!scatter          c_p.l(__scatter.o)
    0x00000104   0x0000001a   Code   RO         2435    !!handler_copy      c_p.l(__scatter_copy.o)
    0x0000011e   0x00000002   PAD
    0x00000120   0x0000001c   Code   RO         2437    !!handler_zi        c_p.l(__scatter_zi.o)
    0x0000013c   0x00000002   Code   RO         2308    .ARM.Collect$$libinit$$00000000  c_p.l(libinit.o)
    0x0000013e   0x00000000   Code   RO         2322    .ARM.Collect$$libinit$$00000002  c_p.l(libinit2.o)
    0x0000013e   0x00000000   Code   RO         2324    .ARM.Collect$$libinit$$00000004  c_p.l(libinit2.o)
    0x0000013e   0x00000000   Code   RO         2327    .ARM.Collect$$libinit$$0000000A  c_p.l(libinit2.o)
    0x0000013e   0x00000000   Code   RO         2329    .ARM.Collect$$libinit$$0000000C  c_p.l(libinit2.o)
    0x0000013e   0x00000000   Code   RO         2331    .ARM.Collect$$libinit$$0000000E  c_p.l(libinit2.o)
    0x0000013e   0x00000000   Code   RO         2334    .ARM.Collect$$libinit$$00000011  c_p.l(libinit2.o)
    0x0000013e   0x00000000   Code   RO         2336    .ARM.Collect$$libinit$$00000013  c_p.l(libinit2.o)
    0x0000013e   0x00000000   Code   RO         2338    .ARM.Collect$$libinit$$00000015  c_p.l(libinit2.o)
    0x0000013e   0x00000000   Code   RO         2340    .ARM.Collect$$libinit$$00000017  c_p.l(libinit2.o)
    0x0000013e   0x00000000   Code   RO         2342    .ARM.Collect$$libinit$$00000019  c_p.l(libinit2.o)
    0x0000013e   0x00000000   Code   RO         2344    .ARM.Collect$$libinit$$0000001B  c_p.l(libinit2.o)
    0x0000013e   0x00000000   Code   RO         2346    .ARM.Collect$$libinit$$0000001D  c_p.l(libinit2.o)
    0x0000013e   0x00000000   Code   RO         2348    .ARM.Collect$$libinit$$0000001F  c_p.l(libinit2.o)
    0x0000013e   0x00000000   Code   RO         2350    .ARM.Collect$$libinit$$00000021  c_p.l(libinit2.o)
    0x0000013e   0x00000000   Code   RO         2352    .ARM.Collect$$libinit$$00000023  c_p.l(libinit2.o)
    0x0000013e   0x00000000   Code   RO         2354    .ARM.Collect$$libinit$$00000025  c_p.l(libinit2.o)
    0x0000013e   0x00000000   Code   RO         2358    .ARM.Collect$$libinit$$0000002C  c_p.l(libinit2.o)
    0x0000013e   0x00000000   Code   RO         2360    .ARM.Collect$$libinit$$0000002E  c_p.l(libinit2.o)
    0x0000013e   0x00000000   Code   RO         2362    .ARM.Collect$$libinit$$00000030  c_p.l(libinit2.o)
    0x0000013e   0x00000000   Code   RO         2364    .ARM.Collect$$libinit$$00000032  c_p.l(libinit2.o)
    0x0000013e   0x00000002   Code   RO         2365    .ARM.Collect$$libinit$$00000033  c_p.l(libinit2.o)
    0x00000140   0x00000002   Code   RO         2389    .ARM.Collect$$libshutdown$$00000000  c_p.l(libshutdown.o)
    0x00000142   0x00000000   Code   RO         2415    .ARM.Collect$$libshutdown$$00000002  c_p.l(libshutdown2.o)
    0x00000142   0x00000000   Code   RO         2417    .ARM.Collect$$libshutdown$$00000004  c_p.l(libshutdown2.o)
    0x00000142   0x00000000   Code   RO         2420    .ARM.Collect$$libshutdown$$00000007  c_p.l(libshutdown2.o)
    0x00000142   0x00000000   Code   RO         2423    .ARM.Collect$$libshutdown$$0000000A  c_p.l(libshutdown2.o)
    0x00000142   0x00000000   Code   RO         2425    .ARM.Collect$$libshutdown$$0000000C  c_p.l(libshutdown2.o)
    0x00000142   0x00000000   Code   RO         2428    .ARM.Collect$$libshutdown$$0000000F  c_p.l(libshutdown2.o)
    0x00000142   0x00000002   Code   RO         2429    .ARM.Collect$$libshutdown$$00000010  c_p.l(libshutdown2.o)
    0x00000144   0x00000000   Code   RO         2272    .ARM.Collect$$rtentry$$00000000  c_p.l(__rtentry.o)
    0x00000144   0x00000000   Code   RO         2278    .ARM.Collect$$rtentry$$00000002  c_p.l(__rtentry2.o)
    0x00000144   0x00000006   Code   RO         2290    .ARM.Collect$$rtentry$$00000004  c_p.l(__rtentry4.o)
    0x0000014a   0x00000000   Code   RO         2280    .ARM.Collect$$rtentry$$00000009  c_p.l(__rtentry2.o)
    0x0000014a   0x00000004   Code   RO         2281    .ARM.Collect$$rtentry$$0000000A  c_p.l(__rtentry2.o)
    0x0000014e   0x00000000   Code   RO         2283    .ARM.Collect$$rtentry$$0000000C  c_p.l(__rtentry2.o)
    0x0000014e   0x00000008   Code   RO         2284    .ARM.Collect$$rtentry$$0000000D  c_p.l(__rtentry2.o)
    0x00000156   0x00000002   Code   RO         2313    .ARM.Collect$$rtexit$$00000000  c_p.l(rtexit.o)
    0x00000158   0x00000000   Code   RO         2367    .ARM.Collect$$rtexit$$00000002  c_p.l(rtexit2.o)
    0x00000158   0x00000004   Code   RO         2368    .ARM.Collect$$rtexit$$00000003  c_p.l(rtexit2.o)
    0x0000015c   0x00000006   Code   RO         2369    .ARM.Collect$$rtexit$$00000004  c_p.l(rtexit2.o)
    0x00000162   0x00000002   Code   RO         2262    .text               c_p.l(use_no_semi_2.o)
    0x00000164   0x0000015a   Code   RO         2264    .text               c_p.l(aeabi_sdiv.o)
    0x000002be   0x00000002   Code   RO         2270    .text               c_p.l(use_no_semi.o)
    0x000002c0   0x0000003e   Code   RO         2294    .text               c_p.l(sys_stackheap_outer.o)
    0x000002fe   0x00000010   Code   RO         2297    .text               c_p.l(exit.o)
    0x0000030e   0x00000002   PAD
    0x00000310   0x00000008   Code   RO         2309    .text               c_p.l(libspace.o)
    0x00000318   0x00000004   Code   RO           13    i.ACMP_IRQHandler   boot_isd93xx.o
    0x0000031c   0x00000094   Code   RO          867    i.ADC_IRQHandler    drvadc.o
    0x000003b0   0x00000004   Code   RO           15    i.ALC_IRQHandler    boot_isd93xx.o
    0x000003b4   0x00000004   Code   RO           16    i.BOD_IRQHandler    boot_isd93xx.o
    0x000003b8   0x00000004   Code   RO           17    i.CAPS_IRQHandler   boot_isd93xx.o
    0x000003bc   0x00000004   Code   RO           18    i.DPWM_IRQHandler   boot_isd93xx.o
    0x000003c0   0x00000004   Code   RO           19    i.Default_IRQHandler  boot_isd93xx.o
    0x000003c4   0x0000005c   Code   RO          873    i.DrvADC_AnaOpen    drvadc.o
    0x00000420   0x000000d4   Code   RO          887    i.DrvADC_Open       drvadc.o
    0x000004f4   0x0000002c   Code   RO          888    i.DrvADC_PGAMute    drvadc.o
    0x00000520   0x00000028   Code   RO          889    i.DrvADC_PGAUnMute  drvadc.o
    0x00000548   0x00000020   Code   RO          891    i.DrvADC_PdmaEnable  drvadc.o
    0x00000568   0x00000144   Code   RO          893    i.DrvADC_SetAMUX    drvadc.o
    0x000006ac   0x00000218   Code   RO          894    i.DrvADC_SetAdcChannel  drvadc.o
    0x000008c4   0x0000001c   Code   RO          900    i.DrvADC_SetMIC     drvadc.o
    0x000008e0   0x00000058   Code   RO          902    i.DrvADC_SetPGA     drvadc.o
    0x00000938   0x00000050   Code   RO          903    i.DrvADC_SetPGAGaindB  drvadc.o
    0x00000988   0x0000006c   Code   RO          904    i.DrvADC_SetPower   drvadc.o
    0x000009f4   0x00000044   Code   RO          905    i.DrvADC_SetVMID    drvadc.o
    0x00000a38   0x0000000c   Code   RO          906    i.DrvADC_StartConvert  drvadc.o
    0x00000a44   0x00000014   Code   RO         2146    i.DrvDPWM_Enable    drvdpwm.o
    0x00000a58   0x00000014   Code   RO         2147    i.DrvDPWM_EnablePDMA  drvdpwm.o
    0x00000a6c   0x00000038   Code   RO         2154    i.DrvDPWM_Open      drvdpwm.o
    0x00000aa4   0x0000001c   Code   RO         2155    i.DrvDPWM_SetDPWMClk  drvdpwm.o
    0x00000ac0   0x00000030   Code   RO         2158    i.DrvDPWM_SetSampleRate  drvdpwm.o
    0x00000af0   0x00000040   Code   RO         1138    i.DrvPDMA_CHEnablelTransfer  drvpdma.o
    0x00000b30   0x0000002c   Code   RO         1139    i.DrvPDMA_CHSoftwareReset  drvpdma.o
    0x00000b5c   0x00000034   Code   RO         1145    i.DrvPDMA_EnableInt  drvpdma.o
    0x00000b90   0x0000002c   Code   RO         1157    i.DrvPDMA_Init      drvpdma.o
    0x00000bbc   0x00000030   Code   RO         1158    i.DrvPDMA_InstallCallBack  drvpdma.o
    0x00000bec   0x00000114   Code   RO         1162    i.DrvPDMA_Open      drvpdma.o
    0x00000d00   0x000001e8   Code   RO         1165    i.DrvPDMA_SetCHForAPBDevice  drvpdma.o
    0x00000ee8   0x00000084   Code   RO          580    i.DrvSYS_GetHCLK    drvsys.o
    0x00000f6c   0x00000020   Code   RO         1471    i.EINT0_IRQHandler  drvgpio.o
    0x00000f8c   0x00000020   Code   RO         1472    i.EINT1_IRQHandler  drvgpio.o
    0x00000fac   0x00000034   Code   RO         1473    i.GPAB_IRQHandler   drvgpio.o
    0x00000fe0   0x00000004   Code   RO           23    i.GPIO_IRQHandler   boot_isd93xx.o
    0x00000fe4   0x00000004   Code   RO           24    i.HardFault_Handler  boot_isd93xx.o
    0x00000fe8   0x00000004   Code   RO           25    i.I2C0_IRQHandler   boot_isd93xx.o
    0x00000fec   0x00000004   Code   RO           26    i.I2S_IRQHandler    boot_isd93xx.o
    0x00000ff0   0x00000118   Code   RO          314    i.InitialADC        recordpcm.o
    0x00001108   0x0000001a   Code   RO          263    i.InitialDPWM       playpcm.o
    0x00001122   0x00000004   Code   RO           27    i.NMI_Handler       boot_isd93xx.o
    0x00001126   0x00000002   PAD
    0x00001128   0x00000014   Code   RO         1168    i.NVIC_EnableIRQ    drvpdma.o
    0x0000113c   0x0000003c   Code   RO          315    i.PDMA0_Callback    recordpcm.o
    0x00001178   0x00000064   Code   RO          316    i.PDMA0forMIC       recordpcm.o
    0x000011dc   0x00000010   Code   RO          264    i.PDMA1_Callback    playpcm.o
    0x000011ec   0x00000070   Code   RO          265    i.PDMA1forDPWM      playpcm.o
    0x0000125c   0x000001a8   Code   RO         1169    i.PDMA_IRQHandler   drvpdma.o
    0x00001404   0x00000004   Code   RO           29    i.PWMA_IRQHandler   boot_isd93xx.o
    0x00001408   0x00000004   Code   RO           30    i.PendSV_Handler    boot_isd93xx.o
    0x0000140c   0x00000010   Code   RO          266    i.PlayStart         playpcm.o
    0x0000141c   0x00000004   Code   RO           31    i.RTC_IRQHandler    boot_isd93xx.o
    0x00001420   0x00000048   Code   RO          317    i.RecordStart       recordpcm.o
    0x00001468   0x00000034   Code   RO           32  * i.Reset_Handler     boot_isd93xx.o
    0x0000149c   0x00000004   Code   RO           33    i.SPI0_IRQHandler   boot_isd93xx.o
    0x000014a0   0x00000004   Code   RO           34    i.SVC_Handler       boot_isd93xx.o
    0x000014a4   0x00000004   Code   RO           35    i.SysTick_Handler   boot_isd93xx.o
    0x000014a8   0x00000004   Code   RO           36    i.TALARM_IRQHandler  boot_isd93xx.o
    0x000014ac   0x00000004   Code   RO           37    i.TMR0_IRQHandler   boot_isd93xx.o
    0x000014b0   0x00000004   Code   RO           38    i.TMR1_IRQHandler   boot_isd93xx.o
    0x000014b4   0x00000020   Code   RO          734    i.UART02_IRQHandler  drvuart.o
    0x000014d4   0x00000004   Code   RO           40    i.WDT_IRQHandler    boot_isd93xx.o
    0x000014d8   0x0000001c   Code   RO          700    i.__ARM_common_switch8  drvsys.o
    0x000014f4   0x0000001e   Code   RO           41    i.__user_initial_stackheap  boot_isd93xx.o
    0x00001512   0x00000004   Code   RO           42    i._sys_exit         boot_isd93xx.o
    0x00001516   0x00000002   PAD
    0x00001518   0x00000064   Code   RO          361    i.main              mic_spk.o
    0x0000157c   0x00000020   Data   RO         2431    Region$$Table       anon$$obj.o


    Execution Region ER_RW (Base: 0x20000000, Size: 0x00000028, Max: 0xffffffff, ABSOLUTE)

    Base Addr    Size         Type   Attr      Idx    E Section Name        Object

    0x20000000   0x00000004   Data   RW          267    .data               playpcm.o
    0x20000004   0x00000014   Data   RW          319    .data               recordpcm.o
    0x20000018   0x00000004   Data   RW          735    .data               drvuart.o
    0x2000001c   0x0000000c   Data   RW         1477    .data               drvgpio.o


    Execution Region ER_ZI (Base: 0x20000028, Size: 0x000005b8, Max: 0xffffffff, ABSOLUTE)

    Base Addr    Size         Type   Attr      Idx    E Section Name        Object

    0x20000028   0x00000500   Zero   RW          318    .bss                recordpcm.o
    0x20000528   0x0000001c   Zero   RW          909    .bss                drvadc.o
    0x20000544   0x0000003c   Zero   RW         1170    .bss                drvpdma.o
    0x20000580   0x00000060   Zero   RW         2310    .bss                c_p.l(libspace.o)


==============================================================================

Image component sizes


      Code (inc. data)   RO Data    RW Data    ZI Data      Debug   Object Name

       170          6        192          0          0      15086   boot_isd93xx.o
         0          0          0          0          0       4508   core_cm0.o
      1812        132          0          0         28      14547   drvadc.o
       172         22          0          0          0       3634   drvdpwm.o
         0          0          0          0          0      33544   drvfmc.o
       116         26          0         12          0       2324   drvgpio.o
      1460         94          0          0         60      17424   drvpdma.o
       160          6          0          0          0        781   drvsys.o
        32          8          0          4          0       3780   drvuart.o
       100         14          0          0          0        471   mic_spk.o
       170         20          0          4          0       5367   playpcm.o
       512         68          0         20       1280       7511   recordpcm.o

    ----------------------------------------------------------------------
      4708        396        224         40       1368     108977   Object Totals
         0          0         32          0          0          0   (incl. Generated)
         4          0          0          0          0          0   (incl. Padding)

    ----------------------------------------------------------------------

      Code (inc. data)   RO Data    RW Data    ZI Data      Debug   Library Member Name

         8          0          0          0          0         68   __main.o
         0          0          0          0          0          0   __rtentry.o
        12          0          0          0          0          0   __rtentry2.o
         6          0          0          0          0          0   __rtentry4.o
        60          8          0          0          0          0   __scatter.o
        26          0          0          0          0          0   __scatter_copy.o
        28          0          0          0          0          0   __scatter_zi.o
       346          0          0          0          0         92   aeabi_sdiv.o
        16          0          0          0          0         68   exit.o
         2          0          0          0          0          0   libinit.o
         2          0          0          0          0          0   libinit2.o
         2          0          0          0          0          0   libshutdown.o
         2          0          0          0          0          0   libshutdown2.o
         8          4          0          0         96         68   libspace.o
         2          0          0          0          0          0   rtexit.o
        10          0          0          0          0          0   rtexit2.o
        62          0          0          0          0         80   sys_stackheap_outer.o
         2          0          0          0          0         68   use_no_semi.o
         2          0          0          0          0         68   use_no_semi_2.o

    ----------------------------------------------------------------------
       600         12          0          0         96        512   Library Totals
         4          0          0          0          0          0   (incl. Padding)

    ----------------------------------------------------------------------

      Code (inc. data)   RO Data    RW Data    ZI Data      Debug   Library Name

       596         12          0          0         96        512   c_p.l

    ----------------------------------------------------------------------
       600         12          0          0         96        512   Library Totals

    ----------------------------------------------------------------------

==============================================================================


      Code (inc. data)   RO Data    RW Data    ZI Data      Debug   

      5308        408        224         40       1464     106617   Grand Totals
      5308        408        224         40       1464     106617   ELF Image Totals
      5308        408        224         40          0          0   ROM Totals

==============================================================================

    Total RO  Size (Code + RO Data)                 5532 (   5.40kB)
    Total RW  Size (RW Data + ZI Data)              1504 (   1.47kB)
    Total ROM Size (Code + RO Data + RW Data)       5572 (   5.44kB)

==============================================================================

