<html>
<body>
<pre>
<h1>µVision Build Log</h1>
<h2>Tool Versions:</h2>
IDE-Version: µVision V5.21.1.0
Copyright (C) 2016 ARM Ltd and ARM Germany GmbH. All rights reserved.
License Information: Jaibock Lee, Nuvoton, LIC=9N0AV-8TM5C-JN3UZ-2F9AB-UGX93-RX7MI
 
Tool Versions:
Toolchain:       MDK-ARM Professional  Version: 5.21a
Toolchain Path:  C:\Keil_v5\ARM\ARMCC\Bin
C Compiler:      Armcc.exe V5.06 update 3 (build 300)
Assembler:       Armasm.exe V5.06 update 3 (build 300)
Linker/Locator:  ArmLink.exe V5.06 update 3 (build 300)
Library Manager: ArmAr.exe V5.06 update 3 (build 300)
Hex Converter:   FromElf.exe V5.06 update 3 (build 300)
CPU DLL:         SARMCM3.DLL V5.21a
Dialog DLL:      DARMCM1.DLL V1.14.0.0
Target DLL:      Nu_Link.dll V1.31
Dialog DLL:      TARMCM1.DLL V1.10.0.0
 
<h2>Project:</h2>
C:\Users\Jaibock\Desktop\ISD93xxPlatform\ISD9340_Keil\Sample\App\Smpl_MIC-48K_I2S-16K\MIC_I2S.uvproj
Project File Date:  08/31/2016

<h2>Output:</h2>
*** Using Compiler 'V5.06 update 3 (build 300)', folder: 'C:\Keil_v5\ARM\ARMCC\Bin'
Build target 'Debug'
compiling PDMA_I2S.c...
compiling RecordPCM.c...
RecordPCM.c(108): warning:  #550-D: variable "OSR" was set but never used
  	uint32_t OSR;
RecordPCM.c: 1 warning, 0 errors
compiling MIC_I2S.c...
compiling DrvPDMA.c...
linking...
Program Size: Code=6612 RO-data=344 RW-data=52 ZI-data=2776  
After Build - User command #1: fromelf --bin ".\obj\MIC_I2S.axf" --output ".\obj\MIC_I2S.bin"
After Build - User command #2: fromelf --text -c ".\obj\MIC_I2S.axf" --output ".\obj\MIC_I2S.txt"
".\obj\MIC_I2S.axf" - 0 Error(s), 1 Warning(s).
Build Time Elapsed:  00:00:01
</pre>
</body>
</html>
